<?xml version="1.0" encoding="utf-8"?><testsuites name="pytest tests"><testsuite name="pytest" errors="0" failures="0" skipped="5" tests="1296" time="38.962" timestamp="2026-02-22T13:26:17.888697+01:00" hostname="Tiresias"><testcase classname="tests.analysis.test_baseline_preliminary" name="test_analyzer_initialization" time="0.042" /><testcase classname="tests.analysis.test_baseline_preliminary" name="test_load_adherence_data" time="0.011" /><testcase classname="tests.analysis.test_baseline_preliminary" name="test_load_adherence_data_missing_file" time="0.008" /><testcase classname="tests.analysis.test_baseline_preliminary" name="test_load_adherence_data_filters_by_date" time="0.006" /><testcase classname="tests.analysis.test_baseline_preliminary" name="test_load_intervals_data" time="0.010" /><testcase classname="tests.analysis.test_baseline_preliminary" name="test_load_intervals_data_handles_errors" time="0.007" /><testcase classname="tests.analysis.test_baseline_preliminary" name="test_calculate_adherence_metrics" time="0.017" /><testcase classname="tests.analysis.test_baseline_preliminary" name="test_calculate_adherence_metrics_empty_data" time="0.005" /><testcase classname="tests.analysis.test_baseline_preliminary" name="test_parse_skipped_replaced_sessions" time="0.004" /><testcase classname="tests.analysis.test_baseline_preliminary" name="test_extract_reason" time="0.007" /><testcase classname="tests.analysis.test_baseline_preliminary" name="test_detect_unsolicited_no_activities" time="0.004" /><testcase classname="tests.analysis.test_baseline_preliminary" name="test_detect_unsolicited_all_paired" time="0.006" /><testcase classname="tests.analysis.test_baseline_preliminary" name="test_detect_unsolicited_some_unpaired" time="0.005" /><testcase classname="tests.analysis.test_baseline_preliminary" name="test_detect_unsolicited_missing_tss" time="0.007" /><testcase classname="tests.analysis.test_baseline_preliminary" name="test_analyze_skip_reasons_empty" time="0.004" /><testcase classname="tests.analysis.test_baseline_preliminary" name="test_analyze_skip_reasons_work_schedule" time="0.006" /><testcase classname="tests.analysis.test_baseline_preliminary" name="test_analyze_skip_reasons_multiple_categories" time="0.054" /><testcase classname="tests.analysis.test_baseline_preliminary" name="test_analyze_skip_reasons_uncategorized" time="0.014" /><testcase classname="tests.analysis.test_baseline_preliminary" name="test_analyze_day_of_week_patterns_empty" time="0.006" /><testcase classname="tests.analysis.test_baseline_preliminary" name="test_analyze_day_of_week_patterns_all_good" time="0.005" /><testcase classname="tests.analysis.test_baseline_preliminary" name="test_analyze_day_of_week_patterns_high_risk" time="0.009" /><testcase classname="tests.analysis.test_baseline_preliminary" name="test_analyze_workout_type_patterns_empty" time="0.004" /><testcase classname="tests.analysis.test_baseline_preliminary" name="test_analyze_workout_type_patterns_all_good" time="0.004" /><testcase classname="tests.analysis.test_baseline_preliminary" name="test_analyze_workout_type_patterns_high_risk" time="0.008" /><testcase classname="tests.analysis.test_baseline_preliminary" name="test_calculate_tss_metrics" time="0.005" /><testcase classname="tests.analysis.test_baseline_preliminary" name="test_calculate_tss_metrics_handles_none_values" time="0.003" /><testcase classname="tests.analysis.test_baseline_preliminary" name="test_analyze_tsb_trajectory" time="0.005" /><testcase classname="tests.analysis.test_baseline_preliminary" name="test_analyze_tsb_trajectory_empty_data" time="0.010" /><testcase classname="tests.analysis.test_baseline_preliminary" name="test_calculate_cv_coupling_metrics" time="0.010" /><testcase classname="tests.analysis.test_baseline_preliminary" name="test_calculate_cv_coupling_metrics_quality_grades" time="0.009" /><testcase classname="tests.analysis.test_baseline_preliminary" name="test_calculate_cv_coupling_metrics_no_data" time="0.005" /><testcase classname="tests.analysis.test_baseline_preliminary" name="test_validate_data_quality" time="0.007" /><testcase classname="tests.analysis.test_baseline_preliminary" name="test_validate_data_quality_detects_gaps" time="0.005" /><testcase classname="tests.analysis.test_baseline_preliminary" name="test_validate_data_quality_detects_anomalies" time="0.004" /><testcase classname="tests.analysis.test_baseline_preliminary" name="test_validate_data_quality_scoring" time="0.006" /><testcase classname="tests.analysis.test_baseline_preliminary" name="test_generate_json_output" time="0.014" /><testcase classname="tests.analysis.test_baseline_preliminary" name="test_generate_markdown_report" time="0.006" /><testcase classname="tests.analysis.test_baseline_preliminary" name="test_run_analysis_integration" time="0.009" /><testcase classname="tests.analyzers.test_gear_metrics.TestExtractGearMetrics" name="test_extract_gear_metrics_complete_data" time="0.005" /><testcase classname="tests.analyzers.test_gear_metrics.TestExtractGearMetrics" name="test_extract_gear_metrics_cross_chaining_detection" time="0.005" /><testcase classname="tests.analyzers.test_gear_metrics.TestExtractGearMetrics" name="test_extract_gear_metrics_empty_streams" time="0.003" /><testcase classname="tests.analyzers.test_gear_metrics.TestExtractGearMetrics" name="test_extract_gear_metrics_missing_front_gear" time="0.004" /><testcase classname="tests.analyzers.test_gear_metrics.TestExtractGearMetrics" name="test_extract_gear_metrics_missing_rear_gear" time="0.008" /><testcase classname="tests.analyzers.test_gear_metrics.TestExtractGearMetrics" name="test_extract_gear_metrics_with_none_values" time="0.008" /><testcase classname="tests.analyzers.test_gear_metrics.TestExtractGearMetrics" name="test_gear_ratio_distribution_top_5" time="0.010" /><testcase classname="tests.analyzers.test_gear_metrics.TestExtractGearMetrics" name="test_extract_gear_metrics_api_exception" time="0.009" /><testcase classname="tests.analyzers.test_gear_metrics.TestExtractGearMetrics" name="test_extract_gear_metrics_no_shifts" time="0.005" /><testcase classname="tests.api.test_intervals_client.TestIntervalsClientInit" name="test_init_success" time="0.006" /><testcase classname="tests.api.test_intervals_client.TestIntervalsClientInit" name="test_init_empty_athlete_id" time="0.002" /><testcase classname="tests.api.test_intervals_client.TestIntervalsClientInit" name="test_init_empty_api_key" time="0.001" /><testcase classname="tests.api.test_intervals_client.TestGetAthlete" name="test_get_athlete_success" time="0.007" /><testcase classname="tests.api.test_intervals_client.TestGetActivities" name="test_get_activities_no_params" time="0.006" /><testcase classname="tests.api.test_intervals_client.TestGetActivities" name="test_get_activities_with_dates" time="0.006" /><testcase classname="tests.api.test_intervals_client.TestGetActivity" name="test_get_activity_success" time="0.004" /><testcase classname="tests.api.test_intervals_client.TestGetWellness" name="test_get_wellness_success" time="0.005" /><testcase classname="tests.api.test_intervals_client.TestGetWellness" name="test_get_wellness_returns_list" time="0.010" /><testcase classname="tests.api.test_intervals_client.TestGetEvents" name="test_get_events_success" time="0.015" /><testcase classname="tests.api.test_intervals_client.TestGetPlannedWorkout" name="test_get_planned_workout_found" time="0.010" /><testcase classname="tests.api.test_intervals_client.TestGetPlannedWorkout" name="test_get_planned_workout_not_found" time="0.010" /><testcase classname="tests.api.test_intervals_client.TestCreateEvent" name="test_create_event_success" time="0.007" /><testcase classname="tests.api.test_intervals_client.TestCreateEvent" name="test_create_event_http_error" time="0.008" /><testcase classname="tests.api.test_intervals_client.TestCreateEvent" name="test_create_event_generic_error" time="0.008" /><testcase classname="tests.api.test_intervals_client.TestErrorHandling" name="test_http_error_propagation" time="0.012" /><testcase classname="tests.api.test_intervals_client_di2.TestGetActivityStreamsDi2" name="test_get_activity_streams_success_with_di2" time="0.005" /><testcase classname="tests.api.test_intervals_client_di2.TestGetActivityStreamsDi2" name="test_get_activity_streams_missing_di2_data" time="0.007" /><testcase classname="tests.api.test_intervals_client_di2.TestGetActivityStreamsDi2" name="test_get_activity_streams_http_error" time="0.002" /><testcase classname="tests.api.test_intervals_client_di2.TestGetActivityStreamsDi2" name="test_get_activity_streams_empty_response" time="0.003" /><testcase classname="tests.api.test_intervals_client_di2.TestGetActivityStreamsDi2" name="test_get_activity_streams_partial_di2_data" time="0.009" /><testcase classname="tests.api.test_intervals_client_di2.TestGetActivityStreamsDi2" name="test_get_activity_streams_with_none_values" time="0.011" /><testcase classname="tests.config.test_athlete_profile.TestAthleteProfileFromEnv" name="test_from_env_with_all_fields" time="0.002" /><testcase classname="tests.config.test_athlete_profile.TestAthleteProfileFromEnv" name="test_from_env_sleep_dependent_variations" time="0.011" /><testcase classname="tests.config.test_athlete_profile.TestAthleteProfileFromEnv" name="test_from_env_missing_age" time="0.005" /><testcase classname="tests.config.test_athlete_profile.TestAthleteProfileFromEnv" name="test_from_env_invalid_category" time="0.003" /><testcase classname="tests.config.test_athlete_profile.TestAthleteProfileFromEnv" name="test_from_env_invalid_age" time="0.003" /><testcase classname="tests.config.test_athlete_profile.TestAthleteProfileMethods" name="test_is_master_athlete" time="0.005" /><testcase classname="tests.config.test_athlete_profile.TestAthleteProfileMethods" name="test_has_exceptional_recovery" time="0.003" /><testcase classname="tests.config.test_athlete_profile.TestAthleteProfileMethods" name="test_get_power_to_weight_ratio" time="0.017" /><testcase classname="tests.config.test_athlete_profile.TestAthleteProfileMethods" name="test_create_with_pydantic_validation" time="0.003" /><testcase classname="tests.config.test_athlete_profile.TestAthleteProfileBiomechanics" name="test_default_biomechanics_fields" time="0.006" /><testcase classname="tests.config.test_athlete_profile.TestAthleteProfileBiomechanics" name="test_profil_fibres_explosif" time="0.001" /><testcase classname="tests.config.test_athlete_profile.TestAthleteProfileBiomechanics" name="test_profil_fibres_endurant" time="0.001" /><testcase classname="tests.config.test_athlete_profile.TestAthleteProfileBiomechanics" name="test_invalid_profil_fibres" time="0.001" /><testcase classname="tests.config.test_athlete_profile.TestAthleteProfileBiomechanics" name="test_cadence_offset_positive" time="0.003" /><testcase classname="tests.config.test_athlete_profile.TestAthleteProfileBiomechanics" name="test_cadence_offset_negative" time="0.003" /><testcase classname="tests.config.test_athlete_profile.TestAthleteProfileBiomechanics" name="test_cadence_offset_out_of_range_high" time="0.002" /><testcase classname="tests.config.test_athlete_profile.TestAthleteProfileBiomechanics" name="test_cadence_offset_out_of_range_low" time="0.005" /><testcase classname="tests.config.test_athlete_profile.TestAthleteProfileBiomechanics" name="test_from_env_with_biomechanics_fields" time="0.002" /><testcase classname="tests.config.test_athlete_profile.TestAthleteProfileBiomechanics" name="test_from_env_without_biomechanics_fields" time="0.002" /><testcase classname="tests.config.test_thresholds.TestTrainingThresholdsFromEnv" name="test_from_env_with_all_fields" time="0.005" /><testcase classname="tests.config.test_thresholds.TestTrainingThresholdsFromEnv" name="test_from_env_with_defaults" time="0.004" /><testcase classname="tests.config.test_thresholds.TestTrainingThresholdsMethods" name="test_get_tsb_state" time="0.006" /><testcase classname="tests.config.test_thresholds.TestTrainingThresholdsMethods" name="test_is_tsb_optimal" time="0.003" /><testcase classname="tests.config.test_thresholds.TestTrainingThresholdsMethods" name="test_get_atl_ctl_ratio_state" time="0.005" /><testcase classname="tests.config.test_thresholds.TestTrainingThresholdsMethods" name="test_is_overtraining_risk" time="0.014" /><testcase classname="tests.config.test_thresholds.TestTrainingThresholdsValidation" name="test_valid_creation" time="0.002" /><testcase classname="tests.config.test_thresholds.TestTrainingThresholdsValidation" name="test_invalid_hrv_percent" time="0.001" /><testcase classname="tests.config.test_thresholds.TestTrainingThresholdsValidation" name="test_invalid_ratio" time="0.006" /><testcase classname="tests.config.test_thresholds.TestTrainingThresholdsFromEnvErrors" name="test_from_env_with_pydantic_validation_error" time="0.004" /><testcase classname="tests.config.test_thresholds.TestTrainingThresholdsFromEnvErrors" name="test_from_env_with_invalid_numeric_literal" time="0.002" /><testcase classname="tests.config.test_thresholds.TestTrainingThresholdsFromEnvErrors" name="test_from_env_with_invalid_literal_python_312_behavior" time="0.002" /><testcase classname="tests.integration.test_di2_workflow.TestDi2WorkflowIntegration" name="test_di2_extraction_outdoor_activity_complete" time="0.021" /><testcase classname="tests.integration.test_di2_workflow.TestDi2WorkflowIntegration" name="test_di2_extraction_indoor_activity_skipped" time="0.007" /><testcase classname="tests.integration.test_di2_workflow.TestDi2WorkflowIntegration" name="test_weekly_analysis_includes_di2_patterns" time="0.005" /><testcase classname="tests.integration.test_di2_workflow.TestDi2WorkflowIntegration" name="test_di2_workflow_with_missing_api" time="0.009" /><testcase classname="tests.integration.test_di2_workflow.TestDi2WorkflowIntegration" name="test_di2_workflow_api_exception_handling" time="0.008" /><testcase classname="tests.integration.test_di2_workflow.TestDi2WorkflowIntegration" name="test_di2_cross_chaining_pattern_in_learnings" time="0.006" /><testcase classname="tests.integration.test_di2_workflow.TestDi2WorkflowIntegration" name="test_di2_workflow_multiple_activities_aggregation" time="0.008" /><testcase classname="tests.integration.test_di2_workflow.TestDi2WorkflowIntegration" name="test_di2_real_activity_s067_extraction" time="0.002"><skipped type="pytest.skip" message="Requires real Intervals.icu API credentials">/Users/stephanejouve/cyclisme-training-logs/tests/integration/test_di2_workflow.py:260: Requires real Intervals.icu API credentials</skipped></testcase><testcase classname="tests.integration.test_fallback_chain.TestFallbackChain" name="test_fallback_chain_basic" time="0.005" /><testcase classname="tests.integration.test_fallback_chain.TestFallbackChain" name="test_fallback_disabled_returns_only_default" time="0.003" /><testcase classname="tests.integration.test_fallback_chain.TestFallbackChain" name="test_fallback_with_all_providers_available" time="0.003" /><testcase classname="tests.integration.test_fallback_chain.TestFallbackChain" name="test_fallback_skips_unconfigured_providers" time="0.005" /><testcase classname="tests.integration.test_fallback_chain.TestFallbackChain" name="test_fallback_creates_valid_providers" time="0.503" /><testcase classname="tests.integration.test_fallback_chain.TestFallbackChain" name="test_fallback_maintains_order_with_partial_keys" time="0.012" /><testcase classname="tests.integration.test_fallback_chain.TestFallbackChain" name="test_get_next_fallback_provider" time="0.007" /><testcase classname="tests.integration.test_fallback_chain.TestFallbackChain" name="test_fallback_to_clipboard_always_possible" time="0.005" /><testcase classname="tests.integration.test_fallback_chain.TestFallbackChain" name="test_custom_fallback_priority" time="0.004" /><testcase classname="tests.integration.test_fallback_chain.TestFallbackChain" name="test_fallback_with_all_api_providers_unavailable" time="0.007" /><testcase classname="tests.integration.test_fallback_chain.TestFallbackScenarios" name="test_scenario_api_key_expired" time="0.006" /><testcase classname="tests.integration.test_fallback_chain.TestFallbackScenarios" name="test_scenario_network_failure" time="0.007" /><testcase classname="tests.integration.test_fallback_chain.TestFallbackScenarios" name="test_scenario_cost_optimization" time="0.005" /><testcase classname="tests.integration.test_fallback_chain.TestFallbackScenarios" name="test_scenario_privacy_first" time="0.003" /><testcase classname="tests.integration.test_provider_integration.TestProviderIntegration" name="test_full_provider_lifecycle_clipboard" time="0.059" /><testcase classname="tests.integration.test_provider_integration.TestProviderIntegration" name="test_full_provider_lifecycle_with_api_key" time="0.064" /><testcase classname="tests.integration.test_provider_integration.TestProviderIntegration" name="test_provider_auto_detection_no_keys" time="0.007" /><testcase classname="tests.integration.test_provider_integration.TestProviderIntegration" name="test_provider_auto_detection_with_keys" time="0.004" /><testcase classname="tests.integration.test_provider_integration.TestProviderIntegration" name="test_provider_info_consistency" time="0.025" /><testcase classname="tests.integration.test_provider_integration.TestProviderIntegration" name="test_factory_validation_matches_config" time="0.005" /><testcase classname="tests.integration.test_provider_integration.TestProviderIntegration" name="test_provider_creation_from_available_list" time="0.197" /><testcase classname="tests.integration.test_provider_integration.TestProviderIntegration" name="test_multiple_provider_instances_independent" time="0.007" /><testcase classname="tests.integration.test_provider_integration.TestProviderIntegration" name="test_config_singleton_behavior" time="0.003" /><testcase classname="tests.integration.test_provider_integration.TestProviderIntegration" name="test_provider_with_custom_model" time="0.004" /><testcase classname="tests.integration.test_provider_integration.TestProviderIntegration" name="test_fallback_priority_order" time="0.004" /><testcase classname="tests.integration.test_workflow_integration.TestWorkflowAIIntegration" name="test_workflow_default_provider_selection" time="0.004" /><testcase classname="tests.integration.test_workflow_integration.TestWorkflowAIIntegration" name="test_workflow_provider_initialization" time="0.051" /><testcase classname="tests.integration.test_workflow_integration.TestWorkflowAIIntegration" name="test_workflow_with_explicit_provider" time="0.012" /><testcase classname="tests.integration.test_workflow_integration.TestWorkflowAIIntegration" name="test_workflow_fallback_on_unconfigured_provider" time="0.005" /><testcase classname="tests.integration.test_workflow_integration.TestWorkflowAIIntegration" name="test_workflow_analysis_pipeline_clipboard" time="0.009" /><testcase classname="tests.integration.test_workflow_integration.TestWorkflowAIIntegration" name="test_workflow_provider_info_display" time="0.182" /><testcase classname="tests.integration.test_workflow_integration.TestWorkflowAIIntegration" name="test_workflow_auto_detection_logic" time="0.033" /><testcase classname="tests.integration.test_workflow_integration.TestWorkflowAIIntegration" name="test_workflow_error_handling" time="0.002" /><testcase classname="tests.integration.test_workflow_integration.TestWorkflowAIIntegration" name="test_workflow_provider_switching" time="0.002" /><testcase classname="tests.integration.test_workflow_integration.TestWorkflowEdgeCases" name="test_empty_prompt_handling" time="0.006" /><testcase classname="tests.integration.test_workflow_integration.TestWorkflowEdgeCases" name="test_very_large_prompt_handling" time="0.004" /><testcase classname="tests.integration.test_workflow_integration.TestWorkflowEdgeCases" name="test_special_characters_in_prompt" time="0.003" /><testcase classname="tests.integration.test_workflow_integration.TestWorkflowEdgeCases" name="test_concurrent_provider_usage" time="0.003" /><testcase classname="tests.integration.test_workflow_integration.TestWorkflowEdgeCases" name="test_config_change_detection" time="0.004" /><testcase classname="tests.intelligence.test_backfill" name="test_classify_workout_type_sweet_spot" time="0.005" /><testcase classname="tests.intelligence.test_backfill" name="test_classify_workout_type_vo2" time="0.003" /><testcase classname="tests.intelligence.test_backfill" name="test_backfill_sweet_spot_extraction" time="0.004" /><testcase classname="tests.intelligence.test_backfill" name="test_backfill_vo2_sleep_correlation" time="0.033" /><testcase classname="tests.intelligence.test_backfill" name="test_backfill_outdoor_discipline" time="0.006" /><testcase classname="tests.intelligence.test_backfill" name="test_backfill_ftp_progression" time="0.003" /><testcase classname="tests.intelligence.test_backfill" name="test_backfill_saves_valid_json" time="0.025" /><testcase classname="tests.intelligence.test_backfill" name="test_classify_workout_type_fallback_cases" time="0.004" /><testcase classname="tests.intelligence.test_backfill" name="test_analyze_empty_activities" time="0.006" /><testcase classname="tests.intelligence.test_biomechanics" name="test_cadence_zone_endurance" time="0.001" /><testcase classname="tests.intelligence.test_biomechanics" name="test_cadence_zone_tempo" time="0.001" /><testcase classname="tests.intelligence.test_biomechanics" name="test_cadence_zone_sweet_spot" time="0.002" /><testcase classname="tests.intelligence.test_biomechanics" name="test_cadence_zone_threshold" time="0.002" /><testcase classname="tests.intelligence.test_biomechanics" name="test_cadence_zone_vo2" time="0.003" /><testcase classname="tests.intelligence.test_biomechanics" name="test_cadence_profil_explosif" time="0.005" /><testcase classname="tests.intelligence.test_biomechanics" name="test_cadence_profil_endurant" time="0.003" /><testcase classname="tests.intelligence.test_biomechanics" name="test_cadence_profil_mixte" time="0.007" /><testcase classname="tests.intelligence.test_biomechanics" name="test_cadence_duration_short" time="0.003" /><testcase classname="tests.intelligence.test_biomechanics" name="test_cadence_duration_long" time="0.002" /><testcase classname="tests.intelligence.test_biomechanics" name="test_cadence_explosif_long_duration" time="0.002" /><testcase classname="tests.intelligence.test_biomechanics" name="test_cadence_endurant_long_duration" time="0.002" /><testcase classname="tests.intelligence.test_biomechanics" name="test_cadence_invalid_zone_ftp_too_low" time="0.003" /><testcase classname="tests.intelligence.test_biomechanics" name="test_cadence_invalid_zone_ftp_too_high" time="0.001" /><testcase classname="tests.intelligence.test_biomechanics" name="test_cadence_invalid_profil_fibres" time="0.002" /><testcase classname="tests.intelligence.test_biomechanics" name="test_spec_sweet_spot_mixte_60min" time="0.001" /><testcase classname="tests.intelligence.test_biomechanics" name="test_spec_vo2_explosif_45min" time="0.003" /><testcase classname="tests.intelligence.test_biomechanics" name="test_spec_endurance_endurant_120min" time="0.002" /><testcase classname="tests.intelligence.test_biomechanics" name="test_cadence_boundary_75_percent" time="0.004" /><testcase classname="tests.intelligence.test_biomechanics" name="test_cadence_boundary_88_percent" time="0.005" /><testcase classname="tests.intelligence.test_biomechanics" name="test_cadence_exactly_90_minutes" time="0.004" /><testcase classname="tests.intelligence.test_biomechanics" name="test_cadence_91_minutes" time="0.003" /><testcase classname="tests.intelligence.test_biomechanics" name="test_pid_grappe_initialization" time="0.002" /><testcase classname="tests.intelligence.test_biomechanics" name="test_pid_grappe_invalid_profil" time="0.004" /><testcase classname="tests.intelligence.test_biomechanics" name="test_pid_grappe_adaptive_gains_explosif" time="0.002" /><testcase classname="tests.intelligence.test_biomechanics" name="test_pid_grappe_adaptive_gains_endurant" time="0.001" /><testcase classname="tests.intelligence.test_biomechanics" name="test_pid_grappe_calculer_commande_cadence_optimal" time="0.001" /><testcase classname="tests.intelligence.test_biomechanics" name="test_pid_grappe_calculer_commande_cadence_suboptimal" time="0.002" /><testcase classname="tests.intelligence.test_biomechanics" name="test_pid_grappe_integration_explosif_vo2" time="0.002" /><testcase classname="tests.intelligence.test_biomechanics" name="test_pid_grappe_integration_endurant_long_endurance" time="0.004" /><testcase classname="tests.intelligence.test_biomechanics" name="test_cout_energetique_sweet_spot_optimal_cadence" time="0.003" /><testcase classname="tests.intelligence.test_biomechanics" name="test_cout_energetique_vo2_high_cadence" time="0.003" /><testcase classname="tests.intelligence.test_biomechanics" name="test_cout_energetique_low_cadence_penalty" time="0.003" /><testcase classname="tests.intelligence.test_biomechanics" name="test_cout_energetique_very_low_cadence" time="0.002" /><testcase classname="tests.intelligence.test_biomechanics" name="test_cout_energetique_very_high_cadence" time="0.001" /><testcase classname="tests.intelligence.test_biomechanics" name="test_cout_energetique_slightly_low_cadence" time="0.002" /><testcase classname="tests.intelligence.test_biomechanics" name="test_cout_energetique_slightly_high_cadence" time="0.002" /><testcase classname="tests.intelligence.test_biomechanics" name="test_cout_energetique_different_weight" time="0.002" /><testcase classname="tests.intelligence.test_biomechanics" name="test_cout_energetique_cout_km" time="0.001" /><testcase classname="tests.intelligence.test_biomechanics" name="test_cout_energetique_from_activity_complete" time="0.002" /><testcase classname="tests.intelligence.test_biomechanics" name="test_cout_energetique_from_activity_no_distance" time="0.002" /><testcase classname="tests.intelligence.test_biomechanics" name="test_cout_energetique_from_activity_missing_power" time="0.003" /><testcase classname="tests.intelligence.test_biomechanics" name="test_cout_energetique_from_activity_missing_cadence" time="0.002" /><testcase classname="tests.intelligence.test_biomechanics" name="test_cout_energetique_from_activity_average_watts_fallback" time="0.007" /><testcase classname="tests.intelligence.test_biomechanics_integration.TestPIDGrappeIntegration" name="test_full_pid_workflow_explosif_athlete" time="0.002" /><testcase classname="tests.intelligence.test_biomechanics_integration.TestPIDGrappeIntegration" name="test_full_pid_workflow_endurant_athlete" time="0.002" /><testcase classname="tests.intelligence.test_biomechanics_integration.TestPIDGrappeIntegration" name="test_adaptive_gains_explosif_vs_endurant" time="0.004" /><testcase classname="tests.intelligence.test_biomechanics_integration.TestIntervalsAPIIntegration" name="test_workflow_extract_metrics_to_recommendation" time="0.002" /><testcase classname="tests.intelligence.test_biomechanics_integration.TestIntervalsAPIIntegration" name="test_workflow_with_energy_cost_calculation" time="0.002" /><testcase classname="tests.intelligence.test_biomechanics_integration.TestIntervalsAPIIntegration" name="test_workflow_multiple_activities_trend_analysis" time="0.004" /><testcase classname="tests.intelligence.test_biomechanics_integration.TestAthleteProfileIntegration" name="test_athlete_profile_with_cadence_recommendation" time="0.002" /><testcase classname="tests.intelligence.test_biomechanics_integration.TestAthleteProfileIntegration" name="test_athlete_profile_with_pid_enhanced" time="0.002" /><testcase classname="tests.intelligence.test_biomechanics_integration.TestFullWorkflowIntegration" name="test_complete_workflow_cycle_planning" time="0.006" /><testcase classname="tests.intelligence.test_biomechanics_integration.TestFullWorkflowIntegration" name="test_complete_workflow_with_energy_cost" time="0.004" /><testcase classname="tests.intelligence.test_biomechanics_integration.TestFullWorkflowIntegration" name="test_multi_cycle_progression_tracking" time="0.005" /><testcase classname="tests.intelligence.test_biomechanics_intervals.TestExtractBiomechanicalMetrics" name="test_extract_metrics_empty_activities" time="0.002" /><testcase classname="tests.intelligence.test_biomechanics_intervals.TestExtractBiomechanicalMetrics" name="test_extract_metrics_single_activity" time="0.004" /><testcase classname="tests.intelligence.test_biomechanics_intervals.TestExtractBiomechanicalMetrics" name="test_extract_metrics_multiple_activities_weighted" time="0.003" /><testcase classname="tests.intelligence.test_biomechanics_intervals.TestExtractBiomechanicalMetrics" name="test_extract_metrics_filters_zero_cadence" time="0.006" /><testcase classname="tests.intelligence.test_biomechanics_intervals.TestExtractBiomechanicalMetrics" name="test_extract_metrics_filters_zero_tss" time="0.002" /><testcase classname="tests.intelligence.test_biomechanics_intervals.TestExtractBiomechanicalMetrics" name="test_extract_metrics_missing_fields" time="0.005" /><testcase classname="tests.intelligence.test_biomechanics_intervals.TestGetCadenceRecommendationFromActivities" name="test_cadence_recommendation_optimal_match" time="0.002" /><testcase classname="tests.intelligence.test_biomechanics_intervals.TestGetCadenceRecommendationFromActivities" name="test_cadence_recommendation_too_low" time="0.001" /><testcase classname="tests.intelligence.test_biomechanics_intervals.TestGetCadenceRecommendationFromActivities" name="test_cadence_recommendation_too_high" time="0.005" /><testcase classname="tests.intelligence.test_biomechanics_intervals.TestGetCadenceRecommendationFromActivities" name="test_cadence_recommendation_within_tolerance" time="0.003" /><testcase classname="tests.intelligence.test_biomechanics_intervals.TestGetCadenceRecommendationFromActivities" name="test_cadence_recommendation_explosif_profile" time="0.003" /><testcase classname="tests.intelligence.test_biomechanics_intervals.TestGetCadenceRecommendationFromActivities" name="test_cadence_recommendation_empty_activities" time="0.003" /><testcase classname="tests.intelligence.test_biomechanics_intervals.TestGetCadenceRecommendationFromActivities" name="test_cadence_recommendation_invalid_zone_ftp" time="0.003" /><testcase classname="tests.intelligence.test_biomechanics_intervals.TestGetCadenceRecommendationFromActivities" name="test_cadence_recommendation_includes_raw_metrics" time="0.002" /><testcase classname="tests.intelligence.test_biomechanics_intervals.TestGetActivitiesLastNWeeks" name="test_get_activities_last_4_weeks" time="0.002" /><testcase classname="tests.intelligence.test_biomechanics_intervals.TestGetActivitiesLastNWeeks" name="test_get_activities_custom_weeks" time="0.002" /><testcase classname="tests.intelligence.test_discrete_pid_controller" name="test_discrete_pid_initialization" time="0.001" /><testcase classname="tests.intelligence.test_discrete_pid_controller" name="test_discrete_pid_invalid_gains" time="0.003" /><testcase classname="tests.intelligence.test_discrete_pid_controller" name="test_discrete_pid_positive_error" time="0.004" /><testcase classname="tests.intelligence.test_discrete_pid_controller" name="test_discrete_pid_negative_error" time="0.001" /><testcase classname="tests.intelligence.test_discrete_pid_controller" name="test_discrete_pid_dead_band" time="0.001" /><testcase classname="tests.intelligence.test_discrete_pid_controller" name="test_discrete_pid_integral_accumulation" time="0.002" /><testcase classname="tests.intelligence.test_discrete_pid_controller" name="test_discrete_pid_anti_windup" time="0.003" /><testcase classname="tests.intelligence.test_discrete_pid_controller" name="test_discrete_pid_derivative_term" time="0.001" /><testcase classname="tests.intelligence.test_discrete_pid_controller" name="test_discrete_pid_output_saturation" time="0.002" /><testcase classname="tests.intelligence.test_discrete_pid_controller" name="test_discrete_pid_reset" time="0.002" /><testcase classname="tests.intelligence.test_discrete_pid_controller" name="test_discrete_pid_recommendation_increase" time="0.002" /><testcase classname="tests.intelligence.test_discrete_pid_controller" name="test_discrete_pid_recommendation_decrease" time="0.001" /><testcase classname="tests.intelligence.test_discrete_pid_controller" name="test_discrete_pid_recommendation_maintain" time="0.001" /><testcase classname="tests.intelligence.test_discrete_pid_controller" name="test_discrete_pid_convergence_5_cycles" time="0.001" /><testcase classname="tests.intelligence.test_discrete_pid_controller" name="test_discrete_pid_stability_near_target" time="0.002" /><testcase classname="tests.intelligence.test_discrete_pid_controller" name="test_compute_discrete_gains_empty_intelligence" time="0.002" /><testcase classname="tests.intelligence.test_discrete_pid_controller" name="test_compute_discrete_gains_validated_learnings" time="0.002" /><testcase classname="tests.intelligence.test_discrete_pid_controller" name="test_compute_discrete_gains_high_evidence" time="0.002" /><testcase classname="tests.intelligence.test_discrete_pid_controller" name="test_compute_discrete_gains_patterns" time="0.002" /><testcase classname="tests.intelligence.test_discrete_pid_controller" name="test_discrete_pid_get_state_info" time="0.002" /><testcase classname="tests.intelligence.test_discrete_pid_controller" name="test_discrete_pid_cycle_count_increments" time="0.001" /><testcase classname="tests.intelligence.test_discrete_pid_controller" name="test_discrete_pid_invalid_cycle_duration" time="0.002" /><testcase classname="tests.intelligence.test_discrete_pid_controller" name="test_training_intelligence_get_discrete_pid_correction" time="0.003" /><testcase classname="tests.intelligence.test_discrete_pid_controller" name="test_training_intelligence_discrete_pid_with_learnings" time="0.005" /><testcase classname="tests.intelligence.test_discrete_pid_controller" name="test_training_intelligence_discrete_pid_realistic_scenario" time="0.002" /><testcase classname="tests.intelligence.test_discrete_pid_controller" name="test_enhanced_validation_all_criteria_good" time="0.001" /><testcase classname="tests.intelligence.test_discrete_pid_controller" name="test_enhanced_validation_low_adherence" time="0.001" /><testcase classname="tests.intelligence.test_discrete_pid_controller" name="test_enhanced_validation_high_coupling" time="0.003" /><testcase classname="tests.intelligence.test_discrete_pid_controller" name="test_enhanced_validation_low_tss_completion" time="0.002" /><testcase classname="tests.intelligence.test_discrete_pid_controller" name="test_enhanced_validation_multiple_red_flags" time="0.003" /><testcase classname="tests.intelligence.test_discrete_pid_controller" name="test_enhanced_validation_warnings_only" time="0.001" /><testcase classname="tests.intelligence.test_discrete_pid_controller" name="test_enhanced_validation_gains_reduction_cumulative" time="0.001" /><testcase classname="tests.intelligence.test_pid_controller" name="test_pid_compute_positive_error" time="0.002" /><testcase classname="tests.intelligence.test_pid_controller" name="test_pid_compute_negative_error" time="0.001" /><testcase classname="tests.intelligence.test_pid_controller" name="test_pid_integral_anti_windup" time="0.004" /><testcase classname="tests.intelligence.test_pid_controller" name="test_pid_derivative_term" time="0.001" /><testcase classname="tests.intelligence.test_pid_controller" name="test_pid_output_saturation" time="0.002" /><testcase classname="tests.intelligence.test_pid_controller" name="test_pid_reset" time="0.002" /><testcase classname="tests.intelligence.test_pid_controller" name="test_pid_action_recommendation_increase" time="0.002" /><testcase classname="tests.intelligence.test_pid_controller" name="test_pid_action_recommendation_decrease" time="0.002" /><testcase classname="tests.intelligence.test_pid_controller" name="test_pid_action_recommendation_maintain" time="0.001" /><testcase classname="tests.intelligence.test_pid_controller" name="test_compute_gains_from_empty_intelligence" time="0.002" /><testcase classname="tests.intelligence.test_pid_controller" name="test_compute_gains_from_validated_learnings" time="0.003" /><testcase classname="tests.intelligence.test_pid_controller" name="test_compute_gains_with_many_patterns" time="0.003" /><testcase classname="tests.intelligence.test_pid_controller" name="test_compute_gains_with_high_evidence" time="0.002" /><testcase classname="tests.intelligence.test_pid_controller" name="test_training_intelligence_get_pid_correction" time="0.001" /><testcase classname="tests.intelligence.test_pid_controller" name="test_pid_controller_invalid_inputs" time="0.001" /><testcase classname="tests.intelligence.test_pid_controller" name="test_pid_multiple_iterations" time="0.002" /><testcase classname="tests.intelligence.test_pid_controller" name="test_pid_extreme_error_200w" time="0.004" /><testcase classname="tests.intelligence.test_pid_controller" name="test_pid_zero_error_target_reached" time="0.002" /><testcase classname="tests.intelligence.test_pid_controller" name="test_pid_negative_error_overperformance" time="0.002" /><testcase classname="tests.intelligence.test_pid_controller" name="test_integral_windup_saturation_100_iterations" time="0.002" /><testcase classname="tests.intelligence.test_pid_controller" name="test_integral_reset_on_error_sign_change" time="0.002" /><testcase classname="tests.intelligence.test_pid_controller" name="test_pid_convergence_40w_to_0w_monotonic" time="0.003" /><testcase classname="tests.intelligence.test_pid_controller" name="test_pid_stability_after_convergence" time="0.003" /><testcase classname="tests.intelligence.test_pid_controller" name="test_gains_evolution_with_learnings_count" time="0.011" /><testcase classname="tests.intelligence.test_pid_controller" name="test_gains_minimum_guaranteed" time="0.003" /><testcase classname="tests.intelligence.test_pid_controller" name="test_gains_ki_evolution_with_evidence" time="0.002" /><testcase classname="tests.intelligence.test_pid_controller" name="test_gains_kd_evolution_with_patterns" time="0.002" /><testcase classname="tests.intelligence.test_pid_controller" name="test_pid_action_recommendation_moderate_increase" time="0.003" /><testcase classname="tests.intelligence.test_pid_controller" name="test_pid_action_recommendation_maintain_small_adjustment" time="0.002" /><testcase classname="tests.intelligence.test_training_intelligence" name="test_training_learning_promote_confidence" time="0.001" /><testcase classname="tests.intelligence.test_training_intelligence" name="test_pattern_matches_conditions" time="0.001" /><testcase classname="tests.intelligence.test_training_intelligence" name="test_protocol_adaptation_creation" time="0.002" /><testcase classname="tests.intelligence.test_training_intelligence" name="test_add_learning_new" time="0.002" /><testcase classname="tests.intelligence.test_training_intelligence" name="test_add_learning_reinforce_similar" time="0.001" /><testcase classname="tests.intelligence.test_training_intelligence" name="test_add_learning_different_creates_new" time="0.001" /><testcase classname="tests.intelligence.test_training_intelligence" name="test_identify_pattern_new" time="0.003" /><testcase classname="tests.intelligence.test_training_intelligence" name="test_identify_pattern_update_existing" time="0.004" /><testcase classname="tests.intelligence.test_training_intelligence" name="test_pattern_confidence_progression_by_frequency" time="0.003" /><testcase classname="tests.intelligence.test_training_intelligence" name="test_propose_adaptation_confidence_by_evidence" time="0.003" /><testcase classname="tests.intelligence.test_training_intelligence" name="test_propose_adaptation_status_proposed" time="0.002" /><testcase classname="tests.intelligence.test_training_intelligence" name="test_propose_adaptation_types" time="0.001" /><testcase classname="tests.intelligence.test_training_intelligence" name="test_get_daily_insights_pattern_matching" time="0.001" /><testcase classname="tests.intelligence.test_training_intelligence" name="test_get_daily_insights_relevant_learnings" time="0.002" /><testcase classname="tests.intelligence.test_training_intelligence" name="test_get_weekly_synthesis_high_confidence_learnings" time="0.002" /><testcase classname="tests.intelligence.test_training_intelligence" name="test_get_monthly_trends_validated_protocols" time="0.002" /><testcase classname="tests.intelligence.test_training_intelligence" name="test_save_and_load_json" time="0.019" /><testcase classname="tests.intelligence.test_training_intelligence" name="test_save_creates_valid_json" time="0.011" /><testcase classname="tests.intelligence.test_training_intelligence" name="test_load_empty_intelligence" time="0.005" /><testcase classname="tests.intelligence.test_workout_diversity" name="test_workout_usage_dataclass" time="0.003" /><testcase classname="tests.intelligence.test_workout_diversity" name="test_tracker_initialization" time="0.005" /><testcase classname="tests.intelligence.test_workout_diversity" name="test_record_workout_usage" time="0.006" /><testcase classname="tests.intelligence.test_workout_diversity" name="test_is_recently_used" time="0.010" /><testcase classname="tests.intelligence.test_workout_diversity" name="test_get_recent_usage" time="0.012" /><testcase classname="tests.intelligence.test_workout_diversity" name="test_get_workout_stats" time="0.011" /><testcase classname="tests.intelligence.test_workout_diversity" name="test_get_diversity_report" time="0.019" /><testcase classname="tests.intelligence.test_workout_diversity" name="test_get_available_workouts_for_diversity" time="0.008" /><testcase classname="tests.intelligence.test_workout_diversity" name="test_custom_rotation_window" time="0.004" /><testcase classname="tests.intelligence.test_workout_diversity" name="test_custom_max_repetition_rate" time="0.008" /><testcase classname="tests.maintenance.test_clear_week_planning.TestClearWeekPlanning" name="test_date_parsing_valid" time="0.003" /><testcase classname="tests.maintenance.test_clear_week_planning.TestClearWeekPlanning" name="test_date_parsing_invalid" time="0.003" /><testcase classname="tests.maintenance.test_clear_week_planning.TestClearWeekPlanning" name="test_week_id_format_valid" time="0.003" /><testcase classname="tests.maintenance.test_clear_week_planning.TestClearWeekPlanning" name="test_week_id_format_invalid" time="0.006" /><testcase classname="tests.maintenance.test_clear_week_planning.TestEventFiltering" name="test_filter_workout_events" time="0.003" /><testcase classname="tests.maintenance.test_clear_week_planning.TestEventFiltering" name="test_preserve_activities" time="0.002" /><testcase classname="tests.maintenance.test_clear_week_planning.TestEventFiltering" name="test_preserve_notes" time="0.002" /><testcase classname="tests.maintenance.test_clear_week_planning.TestDateRangeCalculation" name="test_week_range_calculation" time="0.003" /><testcase classname="tests.maintenance.test_clear_week_planning.TestDateRangeCalculation" name="test_week_spans_7_days" time="0.001" /><testcase classname="tests.maintenance.test_clear_week_planning.TestDryRunMode" name="test_dry_run_no_deletion" time="0.001" /><testcase classname="tests.maintenance.test_clear_week_planning.TestDryRunMode" name="test_dry_run_reports_would_delete" time="0.002" /><testcase classname="tests.maintenance.test_clear_week_planning.TestConfirmationLogic" name="test_confirmation_required_by_default" time="0.004" /><testcase classname="tests.maintenance.test_clear_week_planning.TestConfirmationLogic" name="test_no_confirmation_in_auto_mode" time="0.003" /><testcase classname="tests.maintenance.test_clear_week_planning.TestConfirmationLogic" name="test_no_confirmation_in_dry_run" time="0.002" /><testcase classname="tests.maintenance.test_clear_week_planning.TestConfirmationLogic" name="test_valid_confirmation_responses" time="0.003" /><testcase classname="tests.maintenance.test_clear_week_planning.TestEventCounting" name="test_success_rate_calculation" time="0.006" /><testcase classname="tests.maintenance.test_clear_week_planning.TestEventCounting" name="test_all_successful" time="0.006" /><testcase classname="tests.maintenance.test_clear_week_planning.TestEventCounting" name="test_all_failed" time="0.002" /><testcase classname="tests.maintenance.test_clear_week_planning.TestEventCounting" name="test_partial_success" time="0.001" /><testcase classname="tests.maintenance.test_clear_week_planning.TestErrorHandling" name="test_invalid_date_format" time="0.004" /><testcase classname="tests.maintenance.test_clear_week_planning.TestErrorHandling" name="test_missing_event_fields" time="0.003" /><testcase classname="tests.maintenance.test_clear_week_planning.TestOutputFormatting" name="test_date_formatting" time="0.005" /><testcase classname="tests.maintenance.test_clear_week_planning.TestOutputFormatting" name="test_progress_indicator" time="0.002" /><testcase classname="tests.maintenance.test_clear_week_planning.TestOutputFormatting" name="test_summary_format" time="0.001" /><testcase classname="tests.maintenance.test_format_planning.TestWorkoutFormatter" name="test_initialization" time="0.005" /><testcase classname="tests.maintenance.test_format_planning.TestWorkoutFormatter" name="test_parse_workouts_from_markdown" time="0.005" /><testcase classname="tests.maintenance.test_format_planning.TestWorkoutFormatter" name="test_validate_correct_notation" time="0.007" /><testcase classname="tests.maintenance.test_format_planning.TestWorkoutFormatter" name="test_validate_bad_repetition" time="0.003" /><testcase classname="tests.maintenance.test_format_planning.TestWorkoutFormatter" name="test_validate_bad_warmup" time="0.005" /><testcase classname="tests.maintenance.test_format_planning.TestWorkoutFormatter" name="test_validate_bad_cooldown" time="0.004" /><testcase classname="tests.maintenance.test_format_planning.TestWorkoutFormatter" name="test_validate_ramps_no_watts" time="0.003" /><testcase classname="tests.maintenance.test_format_planning.TestWorkoutFormatter" name="test_format_for_upload" time="0.003" /><testcase classname="tests.maintenance.test_format_planning.TestWorkoutFormatter" name="test_format_multiple_workouts" time="0.003" /><testcase classname="tests.maintenance.test_format_planning.TestValidationRules" name="test_repetition_2x_detection" time="0.005" /><testcase classname="tests.maintenance.test_format_planning.TestValidationRules" name="test_repetition_10x_detection" time="0.002" /><testcase classname="tests.maintenance.test_format_planning.TestValidationRules" name="test_warmup_50_to_65_valid" time="0.001" /><testcase classname="tests.maintenance.test_format_planning.TestValidationRules" name="test_warmup_65_to_50_invalid" time="0.004" /><testcase classname="tests.maintenance.test_format_planning.TestValidationRules" name="test_cooldown_65_to_50_valid" time="0.002" /><testcase classname="tests.maintenance.test_format_planning.TestValidationRules" name="test_cooldown_50_to_65_invalid" time="0.002" /><testcase classname="tests.maintenance.test_format_planning.TestValidationRules" name="test_ramp_with_watts_valid" time="0.003" /><testcase classname="tests.maintenance.test_format_planning.TestValidationRules" name="test_ramp_without_watts_invalid" time="0.004" /><testcase classname="tests.maintenance.test_format_planning.TestEdgeCases" name="test_empty_content" time="0.003" /><testcase classname="tests.maintenance.test_format_planning.TestEdgeCases" name="test_no_structure" time="0.004" /><testcase classname="tests.maintenance.test_format_planning.TestEdgeCases" name="test_multiple_ramps_same_workout" time="0.004" /><testcase classname="tests.maintenance.test_format_planning.TestFormatOutput" name="test_delimiter_format" time="0.003" /><testcase classname="tests.maintenance.test_format_planning.TestFormatOutput" name="test_empty_line_between_workouts" time="0.003" /><testcase classname="tests.planning.test_calendar.TestTrainingSession" name="test_get_effective_tss_completed" time="0.003" /><testcase classname="tests.planning.test_calendar.TestTrainingSession" name="test_get_effective_tss_not_completed" time="0.002" /><testcase classname="tests.planning.test_calendar.TestTrainingSession" name="test_to_dict_serialization" time="0.003" /><testcase classname="tests.planning.test_calendar.TestWeeklySummary" name="test_to_dict_serialization" time="0.001" /><testcase classname="tests.planning.test_calendar.TestTrainingCalendar" name="test_initialization_master_athlete" time="0.002" /><testcase classname="tests.planning.test_calendar.TestTrainingCalendar" name="test_initialization_senior_athlete" time="0.003" /><testcase classname="tests.planning.test_calendar.TestTrainingCalendar" name="test_generate_weekly_calendar_week_3" time="0.004" /><testcase classname="tests.planning.test_calendar.TestTrainingCalendar" name="test_generate_weekly_calendar_week_1" time="0.003" /><testcase classname="tests.planning.test_calendar.TestTrainingCalendar" name="test_generate_weekly_calendar_invalid_week" time="0.004" /><testcase classname="tests.planning.test_calendar.TestTrainingCalendar" name="test_mark_rest_days_single_day" time="0.003" /><testcase classname="tests.planning.test_calendar.TestTrainingCalendar" name="test_mark_rest_days_multiple_days" time="0.002" /><testcase classname="tests.planning.test_calendar.TestTrainingCalendar" name="test_mark_rest_days_invalid_weekday" time="0.005" /><testcase classname="tests.planning.test_calendar.TestTrainingCalendar" name="test_mark_rest_days_removes_duplicates" time="0.004" /><testcase classname="tests.planning.test_calendar.TestTrainingCalendar" name="test_add_session_success" time="0.002" /><testcase classname="tests.planning.test_calendar.TestTrainingCalendar" name="test_add_session_on_rest_day_fails" time="0.005" /><testcase classname="tests.planning.test_calendar.TestTrainingCalendar" name="test_add_session_overwrites_existing" time="0.004" /><testcase classname="tests.planning.test_calendar.TestTrainingCalendar" name="test_get_week_summary_empty_week" time="0.005" /><testcase classname="tests.planning.test_calendar.TestTrainingCalendar" name="test_get_week_summary_with_sessions" time="0.003" /><testcase classname="tests.planning.test_calendar.TestTrainingCalendar" name="test_get_week_summary_completed_sessions" time="0.004" /><testcase classname="tests.planning.test_calendar.TestTrainingCalendar" name="test_get_week_summary_dates_correct" time="0.008" /><testcase classname="tests.planning.test_intervals_sync.TestCalendarDiff" name="test_has_changes_empty" time="0.004" /><testcase classname="tests.planning.test_intervals_sync.TestCalendarDiff" name="test_has_changes_with_removed" time="0.002" /><testcase classname="tests.planning.test_intervals_sync.TestCalendarDiff" name="test_has_changes_with_added" time="0.002" /><testcase classname="tests.planning.test_intervals_sync.TestCalendarDiff" name="test_has_changes_with_modified" time="0.002" /><testcase classname="tests.planning.test_intervals_sync.TestSyncStatusReport" name="test_summary_synced" time="0.003" /><testcase classname="tests.planning.test_intervals_sync.TestSyncStatusReport" name="test_summary_with_changes" time="0.002" /><testcase classname="tests.planning.test_intervals_sync.TestIntervalsSync" name="test_init" time="0.002" /><testcase classname="tests.planning.test_intervals_sync.TestIntervalsSync" name="test_fetch_remote_calendar_empty" time="0.007" /><testcase classname="tests.planning.test_intervals_sync.TestIntervalsSync" name="test_fetch_remote_calendar_with_workouts" time="0.004" /><testcase classname="tests.planning.test_intervals_sync.TestIntervalsSync" name="test_detect_changes_no_changes" time="0.011" /><testcase classname="tests.planning.test_intervals_sync.TestIntervalsSync" name="test_detect_changes_workout_removed_by_coach" time="0.013" /><testcase classname="tests.planning.test_intervals_sync.TestIntervalsSync" name="test_detect_changes_workout_added_by_coach" time="0.004" /><testcase classname="tests.planning.test_intervals_sync.TestIntervalsSync" name="test_detect_changes_workout_modified_by_coach" time="0.013" /><testcase classname="tests.planning.test_intervals_sync.TestIntervalsSync" name="test_get_sync_status_synced" time="0.008" /><testcase classname="tests.planning.test_intervals_sync.TestIntervalsSync" name="test_get_sync_status_with_changes" time="0.005" /><testcase classname="tests.planning.test_migration_weekly_planner.TestWeeklyPlannerMigration" name="test_update_session_status_uses_pydantic" time="0.020" /><testcase classname="tests.planning.test_migration_weekly_planner.TestWeeklyPlannerMigration" name="test_update_session_status_with_skip_reason" time="0.017" /><testcase classname="tests.planning.test_migration_weekly_planner.TestWeeklyPlannerMigration" name="test_update_session_status_validates_data" time="0.016" /><testcase classname="tests.planning.test_migration_weekly_planner.TestWeeklyPlannerMigration" name="test_update_nonexistent_session_returns_false" time="0.019" /><testcase classname="tests.planning.test_migration_weekly_planner.TestWeeklyPlannerMigration" name="test_update_missing_file_returns_false" time="0.007" /><testcase classname="tests.planning.test_migration_weekly_planner.TestWeeklyPlannerMigration" name="test_last_updated_is_modified" time="0.231" /><testcase classname="tests.planning.test_migration_weekly_planner.TestWeeklyPlannerMigration" name="test_pydantic_protection_prevents_corruption" time="0.007" /><testcase classname="tests.planning.test_migration_weekly_planner.TestBackwardCompatibility" name="test_can_read_old_json_format" time="0.007" /><testcase classname="tests.planning.test_models_anti_aliasing.TestSessionAntiAliasing" name="test_session_model_copy_deep_no_aliasing" time="0.002" /><testcase classname="tests.planning.test_models_anti_aliasing.TestSessionAntiAliasing" name="test_session_pydantic_creates_new_instances" time="0.003" /><testcase classname="tests.planning.test_models_anti_aliasing.TestWeeklyPlanAntiAliasing" name="test_backup_sessions_creates_deep_copy" time="0.002" /><testcase classname="tests.planning.test_models_anti_aliasing.TestWeeklyPlanAntiAliasing" name="test_restore_sessions_uses_deep_copy" time="0.003" /><testcase classname="tests.planning.test_models_anti_aliasing.TestWeeklyPlanAntiAliasing" name="test_shallow_copy_danger_prevented" time="0.003" /><testcase classname="tests.planning.test_models_anti_aliasing.TestWeeklyPlanAntiAliasing" name="test_from_json_creates_validated_instance" time="0.006" /><testcase classname="tests.planning.test_models_anti_aliasing.TestValidationProtection" name="test_start_date_must_be_monday" time="0.002" /><testcase classname="tests.planning.test_models_anti_aliasing.TestValidationProtection" name="test_end_date_must_be_sunday" time="0.007" /><testcase classname="tests.planning.test_models_anti_aliasing.TestValidationProtection" name="test_skip_reason_required_when_skipped" time="0.003" /><testcase classname="tests.planning.test_models_anti_aliasing.TestValidationProtection" name="test_skip_reason_required_when_cancelled" time="0.002" /><testcase classname="tests.planning.test_models_anti_aliasing.TestValidationProtection" name="test_skip_reason_required_when_replaced" time="0.004" /><testcase classname="tests.planning.test_models_anti_aliasing.TestValidationProtection" name="test_session_date_within_week_boundaries" time="0.003" /><testcase classname="tests.planning.test_peaks_phases.TestCalculateCTLTarget" name="test_calculate_ctl_target_basic" time="0.002" /><testcase classname="tests.planning.test_peaks_phases.TestCalculateCTLTarget" name="test_calculate_ctl_target_minimal_progression" time="0.003" /><testcase classname="tests.planning.test_peaks_phases.TestCalculateCTLTarget" name="test_calculate_ctl_target_no_ftp_change" time="0.002" /><testcase classname="tests.planning.test_peaks_phases.TestDetermineTrainingPhase" name="test_phase_reconstruction_base" time="0.008" /><testcase classname="tests.planning.test_peaks_phases.TestDetermineTrainingPhase" name="test_phase_consolidation" time="0.003" /><testcase classname="tests.planning.test_peaks_phases.TestDetermineTrainingPhase" name="test_phase_development_ftp" time="0.001"><skipped type="pytest.skip" message="Algorithm conservative by design: always calculates target as ctl*1.15 even when FTP unchanged">/Users/stephanejouve/cyclisme-training-logs/tests/planning/test_peaks_phases.py:79: Algorithm conservative by design: always calculates target as ctl*1.15 even when FTP unchanged</skipped></testcase><testcase classname="tests.planning.test_peaks_phases.TestDetermineTrainingPhase" name="test_masters_recovery_frequency_adjustment" time="0.002" /><testcase classname="tests.planning.test_peaks_phases.TestDetermineTrainingPhase" name="test_weeks_to_rebuild_calculation" time="0.003" /><testcase classname="tests.planning.test_peaks_phases.TestDetermineTrainingPhase" name="test_no_deficit_when_ctl_optimal" time="0.001"><skipped type="pytest.skip" message="Algorithm conservative: target_ctl = ctl*1.15 even when FTP unchanged, so deficit persists">/Users/stephanejouve/cyclisme-training-logs/tests/planning/test_peaks_phases.py:123: Algorithm conservative: target_ctl = ctl*1.15 even when FTP unchanged, so deficit persists</skipped></testcase><testcase classname="tests.planning.test_peaks_phases.TestDetermineTrainingPhase" name="test_distribution_sums_to_one" time="0.003" /><testcase classname="tests.planning.test_peaks_phases.TestFormatPhaseRecommendation" name="test_format_reconstruction_phase" time="0.008" /><testcase classname="tests.planning.test_peaks_phases.TestFormatPhaseRecommendation" name="test_format_consolidation_phase" time="0.003" /><testcase classname="tests.planning.test_peaks_phases.TestFormatPhaseRecommendation" name="test_format_development_phase" time="0.001"><skipped type="pytest.skip" message="Algorithm conservative: DEVELOPMENT phase rarely reached, see test_phase_development_ftp">/Users/stephanejouve/cyclisme-training-logs/tests/planning/test_peaks_phases.py:191: Algorithm conservative: DEVELOPMENT phase rarely reached, see test_phase_development_ftp</skipped></testcase><testcase classname="tests.planning.test_peaks_phases.TestFormatPhaseRecommendation" name="test_format_includes_rationale" time="0.002" /><testcase classname="tests.planning.test_peaks_phases.TestEdgeCases" name="test_very_low_ctl" time="0.001" /><testcase classname="tests.planning.test_peaks_phases.TestEdgeCases" name="test_ctl_at_85_percent_boundary" time="0.001" /><testcase classname="tests.planning.test_peaks_phases.TestEdgeCases" name="test_high_ftp_target" time="0.004" /><testcase classname="tests.planning.test_planning_manager.TestTrainingObjective" name="test_progress_percent_with_values" time="0.004" /><testcase classname="tests.planning.test_planning_manager.TestTrainingObjective" name="test_progress_percent_without_values" time="0.005" /><testcase classname="tests.planning.test_planning_manager.TestTrainingObjective" name="test_days_remaining_future" time="0.002" /><testcase classname="tests.planning.test_planning_manager.TestTrainingObjective" name="test_days_remaining_past" time="0.002" /><testcase classname="tests.planning.test_planning_manager.TestTrainingPlan" name="test_duration_weeks_exact" time="0.002" /><testcase classname="tests.planning.test_planning_manager.TestTrainingPlan" name="test_duration_weeks_partial" time="0.003" /><testcase classname="tests.planning.test_planning_manager.TestTrainingPlan" name="test_get_objectives_by_priority" time="0.002" /><testcase classname="tests.planning.test_planning_manager.TestTrainingPlan" name="test_to_dict_serialization" time="0.001" /><testcase classname="tests.planning.test_planning_manager.TestPlanningManager" name="test_create_training_plan_success" time="0.003" /><testcase classname="tests.planning.test_planning_manager.TestPlanningManager" name="test_create_training_plan_invalid_dates" time="0.004" /><testcase classname="tests.planning.test_planning_manager.TestPlanningManager" name="test_create_training_plan_too_short" time="0.003" /><testcase classname="tests.planning.test_planning_manager.TestPlanningManager" name="test_create_training_plan_too_long" time="0.007" /><testcase classname="tests.planning.test_planning_manager.TestPlanningManager" name="test_add_deadline_success" time="0.007" /><testcase classname="tests.planning.test_planning_manager.TestPlanningManager" name="test_add_deadline_plan_not_found" time="0.005" /><testcase classname="tests.planning.test_planning_manager.TestPlanningManager" name="test_add_deadline_before_plan_start" time="0.002" /><testcase classname="tests.planning.test_planning_manager.TestPlanningManager" name="test_get_plan_timeline" time="0.006" /><testcase classname="tests.planning.test_planning_manager.TestPlanningManager" name="test_get_plan_timeline_critical_dates" time="0.002" /><testcase classname="tests.planning.test_planning_manager.TestPlanningManager" name="test_validate_plan_feasibility_safe_plan" time="0.003" /><testcase classname="tests.planning.test_planning_manager.TestPlanningManager" name="test_validate_plan_feasibility_excessive_tss" time="0.004" /><testcase classname="tests.planning.test_planning_manager.TestPlanningManager" name="test_validate_plan_feasibility_excessive_ramp" time="0.004" /><testcase classname="tests.planning.test_planning_manager.TestPlanningManager" name="test_validate_plan_feasibility_many_objectives" time="0.005" /><testcase classname="tests.planning.test_session_formatter.TestFormatRemainingSessionsCompact" name="test_format_empty_sessions" time="0.003" /><testcase classname="tests.planning.test_session_formatter.TestFormatRemainingSessionsCompact" name="test_format_single_session" time="0.005" /><testcase classname="tests.planning.test_session_formatter.TestFormatRemainingSessionsCompact" name="test_format_multiple_sessions" time="0.001" /><testcase classname="tests.planning.test_session_formatter.TestFormatRemainingSessionsCompact" name="test_format_rest_day" time="0.004" /><testcase classname="tests.planning.test_session_formatter.TestFormatRemainingSessionsCompact" name="test_format_mixed_sessions" time="0.003" /><testcase classname="tests.planning.test_session_formatter.TestFormatRemainingSessionsCompact" name="test_format_session_without_version" time="0.002" /><testcase classname="tests.planning.test_session_formatter.TestFormatRemainingSessionsCompact" name="test_format_session_without_tss" time="0.001" /><testcase classname="tests.planning.test_workout_validation.TestValidateWorkoutTSB" name="test_vo2_tsb_insufficient_fail" time="0.002" /><testcase classname="tests.planning.test_workout_validation.TestValidateWorkoutTSB" name="test_vo2_tsb_warning" time="0.003" /><testcase classname="tests.planning.test_workout_validation.TestValidateWorkoutTSB" name="test_vo2_tsb_optimal_pass" time="0.001" /><testcase classname="tests.planning.test_workout_validation.TestValidateWorkoutTSB" name="test_ftp_tsb_too_negative_fail" time="0.004" /><testcase classname="tests.planning.test_workout_validation.TestValidateWorkoutTSB" name="test_ftp_tsb_negative_warning" time="0.008" /><testcase classname="tests.planning.test_workout_validation.TestValidateWorkoutTSB" name="test_ftp_tsb_positive_pass" time="0.006" /><testcase classname="tests.planning.test_workout_validation.TestValidateWorkoutSleep" name="test_high_intensity_insufficient_sleep_fail" time="0.007" /><testcase classname="tests.planning.test_workout_validation.TestValidateWorkoutSleep" name="test_high_intensity_sufficient_sleep_pass" time="0.003" /><testcase classname="tests.planning.test_workout_validation.TestValidateWorkoutSleep" name="test_low_intensity_no_sleep_check" time="0.002" /><testcase classname="tests.planning.test_workout_validation.TestValidateWorkoutRecentIntensity" name="test_vo2_with_recent_high_intensity_warning" time="0.002" /><testcase classname="tests.planning.test_workout_validation.TestValidateWorkoutRecentIntensity" name="test_vo2_no_recent_high_intensity_pass" time="0.005" /><testcase classname="tests.planning.test_workout_validation.TestValidateWorkoutDecoupling" name="test_sweet_spot_decoupling_threshold" time="0.003" /><testcase classname="tests.planning.test_workout_validation.TestValidateWorkoutDecoupling" name="test_ftp_decoupling_threshold" time="0.003" /><testcase classname="tests.planning.test_workout_validation.TestValidateWorkoutDecoupling" name="test_short_workout_no_decoupling_check" time="0.003" /><testcase classname="tests.planning.test_workout_validation.TestValidateWorkoutPlacement" name="test_recovery_midweek_warning" time="0.003" /><testcase classname="tests.planning.test_workout_validation.TestValidateWorkoutPlacement" name="test_vo2_non_optimal_day_warning" time="0.002" /><testcase classname="tests.planning.test_workout_validation.TestValidateWorkoutPlacement" name="test_vo2_optimal_day_no_warning" time="0.003" /><testcase classname="tests.planning.test_workout_validation.TestValidateWorkoutVolume" name="test_large_workout_warning" time="0.002" /><testcase classname="tests.planning.test_workout_validation.TestValidateWorkoutVolume" name="test_normal_workout_no_volume_warning" time="0.002" /><testcase classname="tests.planning.test_workout_validation.TestValidateWorkoutJunkMiles" name="test_long_low_tss_warning" time="0.004" /><testcase classname="tests.planning.test_workout_validation.TestValidateWorkoutJunkMiles" name="test_long_adequate_tss_pass" time="0.002" /><testcase classname="tests.planning.test_workout_validation.TestFormatValidationReport" name="test_format_pass_workout" time="0.003" /><testcase classname="tests.planning.test_workout_validation.TestFormatValidationReport" name="test_format_fail_workout" time="0.003" /><testcase classname="tests.planning.test_workout_validation.TestFormatValidationReport" name="test_format_warning_workout" time="0.003" /><testcase classname="tests.planning.test_workout_validation.TestEdgeCases" name="test_missing_optional_fields" time="0.004" /><testcase classname="tests.planning.test_workout_validation.TestEdgeCases" name="test_zero_tsb" time="0.006" /><testcase classname="tests.planning.test_workout_validation.TestEdgeCases" name="test_multiple_failures" time="0.003" /><testcase classname="tests.reports.test_data_collector.TestDataCollectorInit" name="test_init_with_default_data_dir" time="0.005" /><testcase classname="tests.reports.test_data_collector.TestDataCollectorInit" name="test_init_with_custom_data_dir" time="0.007" /><testcase classname="tests.reports.test_data_collector.TestCollectWeekData" name="test_collect_week_data_success" time="0.013" /><testcase classname="tests.reports.test_data_collector.TestCollectWeekData" name="test_collect_week_data_aggregator_failure" time="0.004" /><testcase classname="tests.reports.test_data_collector.TestCollectWeekData" name="test_collect_week_data_exception_handling" time="0.002" /><testcase classname="tests.reports.test_data_collector.TestFormatActivities" name="test_format_activities_with_data" time="0.006" /><testcase classname="tests.reports.test_data_collector.TestFormatActivities" name="test_format_activities_empty_list" time="0.008" /><testcase classname="tests.reports.test_data_collector.TestFormatActivities" name="test_format_activities_missing_intervals_activity" time="0.009" /><testcase classname="tests.reports.test_data_collector.TestExtractWellnessData" name="test_extract_wellness_data_with_metrics" time="0.003" /><testcase classname="tests.reports.test_data_collector.TestExtractWellnessData" name="test_extract_wellness_data_no_metrics" time="0.003" /><testcase classname="tests.reports.test_data_collector.TestExtractLearnings" name="test_extract_learnings_with_data" time="0.004" /><testcase classname="tests.reports.test_data_collector.TestExtractLearnings" name="test_extract_learnings_empty_list" time="0.006" /><testcase classname="tests.reports.test_data_collector.TestExtractMetricsEvolution" name="test_extract_metrics_evolution_with_data" time="0.002" /><testcase classname="tests.reports.test_data_collector.TestExtractMetricsEvolution" name="test_extract_metrics_evolution_no_data" time="0.005" /><testcase classname="tests.reports.test_data_collector.TestCalculateTrend" name="test_calculate_trend_increasing" time="0.002" /><testcase classname="tests.reports.test_data_collector.TestCalculateTrend" name="test_calculate_trend_decreasing" time="0.002" /><testcase classname="tests.reports.test_data_collector.TestCalculateTrend" name="test_calculate_trend_stable" time="0.005" /><testcase classname="tests.reports.test_data_collector.TestCalculateTrend" name="test_calculate_trend_empty_list" time="0.003" /><testcase classname="tests.reports.test_data_collector.TestCalculateTrend" name="test_calculate_trend_single_value" time="0.004" /><testcase classname="tests.reports.test_generator.TestReportGenerator" name="test_init_default_provider" time="0.002" /><testcase classname="tests.reports.test_generator.TestReportGenerator" name="test_init_custom_provider" time="0.001" /><testcase classname="tests.reports.test_generator.TestReportGenerator" name="test_generate_report_invalid_week_format" time="0.003" /><testcase classname="tests.reports.test_generator.TestReportGenerator" name="test_generate_report_invalid_report_type" time="0.004" /><testcase classname="tests.reports.test_integration.TestReportGeneratorIntegration" name="test_generate_workout_history_success" time="0.024" /><testcase classname="tests.reports.test_integration.TestReportGeneratorIntegration" name="test_generate_report_data_collection_failure" time="0.007" /><testcase classname="tests.reports.test_integration.TestReportGeneratorIntegration" name="test_generate_report_ai_generation_failure" time="0.006" /><testcase classname="tests.reports.test_integration.TestReportGeneratorIntegration" name="test_generate_report_validation_failure" time="0.010" /><testcase classname="tests.reports.test_integration.TestReportGeneratorIntegration" name="test_generate_bilan_final_success" time="0.010" /><testcase classname="tests.reports.test_integration.TestReportGeneratorIntegration" name="test_generate_with_ai_provider_override" time="0.016" /><testcase classname="tests.reports.test_prompts.TestBuildWorkoutHistoryPrompt" name="test_build_prompt_with_valid_data" time="0.004" /><testcase classname="tests.reports.test_prompts.TestBuildWorkoutHistoryPrompt" name="test_build_prompt_missing_required_field" time="0.003" /><testcase classname="tests.reports.test_prompts.TestBuildWorkoutHistoryPrompt" name="test_prompt_contains_activity_details" time="0.002" /><testcase classname="tests.reports.test_prompts.TestFormatActivities" name="test_format_activities_with_data" time="0.003" /><testcase classname="tests.reports.test_prompts.TestFormatActivities" name="test_format_activities_empty_list" time="0.003" /><testcase classname="tests.reports.test_prompts.TestFormatWellness" name="test_format_wellness_with_data" time="0.003" /><testcase classname="tests.reports.test_prompts.TestFormatLearnings" name="test_format_learnings_with_data" time="0.004" /><testcase classname="tests.reports.test_prompts.TestFormatLearnings" name="test_format_learnings_empty_list" time="0.042" /><testcase classname="tests.reports.test_prompts.TestFormatMetricsEvolution" name="test_format_metrics_evolution_with_data" time="0.003" /><testcase classname="tests.reports.test_prompts.TestFormatMetricsEvolution" name="test_format_metrics_evolution_empty_data" time="0.003" /><testcase classname="tests.reports.test_prompts.TestCalculateTSSPercentage" name="test_calculate_tss_percentage_normal" time="0.003" /><testcase classname="tests.reports.test_prompts.TestCalculateTSSPercentage" name="test_calculate_tss_percentage_zero_planned" time="0.004" /><testcase classname="tests.reports.test_prompts.TestCalculateTSSPercentage" name="test_calculate_tss_percentage_over_100" time="0.009" /><testcase classname="tests.reports.test_prompts.TestBuildBilanFinalPrompt" name="test_build_prompt_with_valid_data" time="0.003" /><testcase classname="tests.reports.test_prompts.TestBuildBilanFinalPrompt" name="test_build_prompt_missing_required_field" time="0.003" /><testcase classname="tests.reports.test_prompts.TestBuildBilanFinalPrompt" name="test_prompt_contains_week_context" time="0.004" /><testcase classname="tests.reports.test_validators.TestMarkdownValidator" name="test_init" time="0.003" /><testcase classname="tests.reports.test_validators.TestMarkdownValidator" name="test_validate_valid_workout_history" time="0.011" /><testcase classname="tests.reports.test_validators.TestMarkdownValidator" name="test_validate_valid_bilan_final" time="0.005" /><testcase classname="tests.reports.test_validators.TestMarkdownValidator" name="test_validate_invalid_report_type" time="0.005" /><testcase classname="tests.reports.test_validators.TestMarkdownValidator" name="test_validate_missing_title" time="0.004" /><testcase classname="tests.reports.test_validators.TestMarkdownValidator" name="test_validate_missing_sections" time="0.002" /><testcase classname="tests.reports.test_validators.TestMarkdownValidator" name="test_validate_week_number_mismatch" time="0.004" /><testcase classname="tests.reports.test_validators.TestMarkdownValidator" name="test_word_count_warning" time="0.006" /><testcase classname="tests.reports.test_validators.TestMarkdownValidator" name="test_word_count_calculation" time="0.002" /><testcase classname="tests.reports.test_validators.TestMarkdownValidator" name="test_extract_sections" time="0.002" /><testcase classname="tests.reports.test_validators.TestValidationResult" name="test_validation_result_creation" time="0.002" /><testcase classname="tests.reports.test_validators.TestValidationResult" name="test_validation_result_invalid" time="0.001" /><testcase classname="tests.test_ai_providers.test_base.TestAIProviderEnum" name="test_enum_has_all_providers" time="0.005" /><testcase classname="tests.test_ai_providers.test_base.TestAIProviderEnum" name="test_enum_values_are_strings" time="0.003" /><testcase classname="tests.test_ai_providers.test_base.TestAIProviderEnum" name="test_enum_clipboard_exists" time="0.006" /><testcase classname="tests.test_ai_providers.test_base.TestAIProviderEnum" name="test_enum_claude_exists" time="0.003" /><testcase classname="tests.test_ai_providers.test_base.TestAIProviderEnum" name="test_enum_mistral_exists" time="0.007" /><testcase classname="tests.test_ai_providers.test_base.TestAIProviderEnum" name="test_enum_openai_exists" time="0.004" /><testcase classname="tests.test_ai_providers.test_base.TestAIProviderEnum" name="test_enum_ollama_exists" time="0.004" /><testcase classname="tests.test_ai_providers.test_base.TestAIProviderEnum" name="test_enum_from_string" time="0.003" /><testcase classname="tests.test_ai_providers.test_base.TestAIProviderEnum" name="test_enum_invalid_value_raises_error" time="0.003" /><testcase classname="tests.test_ai_providers.test_base.TestAIAnalyzerABC" name="test_cannot_instantiate_abstract_class" time="0.004" /><testcase classname="tests.test_ai_providers.test_base.TestAIAnalyzerABC" name="test_subclass_must_implement_analyze_session" time="0.002" /><testcase classname="tests.test_ai_providers.test_base.TestAIAnalyzerABC" name="test_subclass_can_use_default_get_provider_info" time="0.002" /><testcase classname="tests.test_ai_providers.test_base.TestAIAnalyzerABC" name="test_subclass_can_use_default_validate_config" time="0.002" /><testcase classname="tests.test_ai_providers.test_base.TestAIAnalyzerABC" name="test_complete_subclass_can_be_instantiated" time="0.004" /><testcase classname="tests.test_ai_providers.test_base.TestAIAnalyzerABC" name="test_subclass_analyze_session_signature" time="0.003" /><testcase classname="tests.test_ai_providers.test_base.TestAIAnalyzerABC" name="test_subclass_has_provider_attribute" time="0.003" /><testcase classname="tests.test_ai_providers.test_claude_api.TestClaudeAPIAnalyzer" name="test_init_success" time="0.054" /><testcase classname="tests.test_ai_providers.test_claude_api.TestClaudeAPIAnalyzer" name="test_init_missing_api_key" time="0.002" /><testcase classname="tests.test_ai_providers.test_claude_api.TestClaudeAPIAnalyzer" name="test_init_invalid_api_key_format" time="0.003" /><testcase classname="tests.test_ai_providers.test_claude_api.TestClaudeAPIAnalyzer" name="test_init_default_model" time="0.068" /><testcase classname="tests.test_ai_providers.test_claude_api.TestClaudeAPIAnalyzer" name="test_init_custom_max_tokens" time="0.088" /><testcase classname="tests.test_ai_providers.test_claude_api.TestClaudeAPIAnalyzer" name="test_analyze_session_success" time="0.011" /><testcase classname="tests.test_ai_providers.test_claude_api.TestClaudeAPIAnalyzer" name="test_analyze_with_dataset" time="0.020" /><testcase classname="tests.test_ai_providers.test_claude_api.TestClaudeAPIAnalyzer" name="test_analyze_empty_prompt" time="0.007" /><testcase classname="tests.test_ai_providers.test_claude_api.TestClaudeAPIAnalyzer" name="test_analyze_large_prompt" time="0.046" /><testcase classname="tests.test_ai_providers.test_claude_api.TestClaudeAPIAnalyzer" name="test_analyze_special_characters" time="0.009" /><testcase classname="tests.test_ai_providers.test_claude_api.TestClaudeAPIAnalyzer" name="test_analyze_authentication_error" time="0.009" /><testcase classname="tests.test_ai_providers.test_claude_api.TestClaudeAPIAnalyzer" name="test_analyze_rate_limit_error" time="0.009" /><testcase classname="tests.test_ai_providers.test_claude_api.TestClaudeAPIAnalyzer" name="test_analyze_server_error" time="0.021" /><testcase classname="tests.test_ai_providers.test_claude_api.TestClaudeAPIAnalyzer" name="test_analyze_timeout_error" time="0.019" /><testcase classname="tests.test_ai_providers.test_claude_api.TestClaudeAPIAnalyzer" name="test_analyze_connection_error" time="0.016" /><testcase classname="tests.test_ai_providers.test_claude_api.TestClaudeAPIAnalyzer" name="test_get_provider_info" time="0.073" /><testcase classname="tests.test_ai_providers.test_claude_api.TestClaudeAPIAnalyzer" name="test_get_provider_info_structure" time="0.061" /><testcase classname="tests.test_ai_providers.test_claude_api.TestClaudeAPIAnalyzer" name="test_validate_config_success" time="0.108" /><testcase classname="tests.test_ai_providers.test_claude_api.TestClaudeAPIAnalyzer" name="test_multiple_analyzers_independent" time="0.131" /><testcase classname="tests.test_ai_providers.test_claude_api.TestClaudeAPIAnalyzer" name="test_model_parameter_preserved" time="0.056" /><testcase classname="tests.test_ai_providers.test_claude_api.TestClaudeAPIAnalyzer" name="test_client_initialized" time="0.048" /><testcase classname="tests.test_ai_providers.test_claude_api.TestClaudeAPIAnalyzer" name="test_max_tokens_default" time="0.046" /><testcase classname="tests.test_ai_providers.test_claude_api.TestClaudeAPIAnalyzer" name="test_provider_enum_value" time="0.047" /><testcase classname="tests.test_ai_providers.test_clipboard.TestClipboardAnalyzer" name="test_initialization" time="0.008" /><testcase classname="tests.test_ai_providers.test_clipboard.TestClipboardAnalyzer" name="test_provider_is_clipboard" time="0.005" /><testcase classname="tests.test_ai_providers.test_clipboard.TestClipboardAnalyzer" name="test_analyze_session_copies_to_clipboard" time="0.004" /><testcase classname="tests.test_ai_providers.test_clipboard.TestClipboardAnalyzer" name="test_analyze_session_with_dataset" time="0.026" /><testcase classname="tests.test_ai_providers.test_clipboard.TestClipboardAnalyzer" name="test_analyze_session_multiline_prompt" time="0.004" /><testcase classname="tests.test_ai_providers.test_clipboard.TestClipboardAnalyzer" name="test_get_provider_info_returns_dict" time="0.006" /><testcase classname="tests.test_ai_providers.test_clipboard.TestClipboardAnalyzer" name="test_get_provider_info_has_correct_values" time="0.006" /><testcase classname="tests.test_ai_providers.test_clipboard.TestClipboardAnalyzer" name="test_validate_config_always_returns_true" time="0.023" /><testcase classname="tests.test_ai_providers.test_clipboard.TestClipboardAnalyzer" name="test_clipboard_analyzer_is_always_available" time="0.008" /><testcase classname="tests.test_ai_providers.test_clipboard.TestClipboardAnalyzer" name="test_analyze_session_empty_prompt" time="0.007" /><testcase classname="tests.test_ai_providers.test_clipboard.TestClipboardAnalyzer" name="test_analyze_session_large_prompt" time="0.005" /><testcase classname="tests.test_ai_providers.test_clipboard.TestClipboardAnalyzer" name="test_analyze_session_special_characters" time="0.007" /><testcase classname="tests.test_ai_providers.test_clipboard.TestClipboardAnalyzer" name="test_provider_info_indicates_manual_workflow" time="0.003" /><testcase classname="tests.test_ai_providers.test_clipboard.TestClipboardAnalyzer" name="test_multiple_analyzers_independent" time="0.005" /><testcase classname="tests.test_ai_providers.test_clipboard.TestClipboardAnalyzer" name="test_clipboard_copy_failure_handling" time="0.005" /><testcase classname="tests.test_ai_providers.test_clipboard.TestClipboardAnalyzer" name="test_dataset_is_ignored" time="0.017" /><testcase classname="tests.test_ai_providers.test_clipboard.TestClipboardAnalyzer" name="test_provider_info_structure" time="0.007" /><testcase classname="tests.test_ai_providers.test_clipboard.TestClipboardAnalyzer" name="test_instructions_returned_on_success" time="0.004" /><testcase classname="tests.test_ai_providers.test_clipboard.TestClipboardAnalyzer" name="test_unicode_handling" time="0.006" /><testcase classname="tests.test_ai_providers.test_clipboard.TestClipboardAnalyzer" name="test_newlines_and_tabs" time="0.005" /><testcase classname="tests.test_ai_providers.test_factory.TestAIProviderFactory" name="test_create_clipboard_analyzer" time="0.003" /><testcase classname="tests.test_ai_providers.test_factory.TestAIProviderFactory" name="test_create_clipboard_case_insensitive" time="0.003" /><testcase classname="tests.test_ai_providers.test_factory.TestAIProviderFactory" name="test_create_clipboard_whitespace_trimmed" time="0.005" /><testcase classname="tests.test_ai_providers.test_factory.TestAIProviderFactory" name="test_create_claude_analyzer_with_key" time="0.095" /><testcase classname="tests.test_ai_providers.test_factory.TestAIProviderFactory" name="test_create_claude_analyzer_missing_key" time="0.006" /><testcase classname="tests.test_ai_providers.test_factory.TestAIProviderFactory" name="test_create_claude_analyzer_default_model" time="0.053" /><testcase classname="tests.test_ai_providers.test_factory.TestAIProviderFactory" name="test_create_mistral_analyzer_with_key" time="0.087" /><testcase classname="tests.test_ai_providers.test_factory.TestAIProviderFactory" name="test_create_mistral_analyzer_missing_key" time="0.002" /><testcase classname="tests.test_ai_providers.test_factory.TestAIProviderFactory" name="test_create_openai_analyzer_with_key" time="0.108" /><testcase classname="tests.test_ai_providers.test_factory.TestAIProviderFactory" name="test_create_openai_analyzer_missing_key" time="0.002" /><testcase classname="tests.test_ai_providers.test_factory.TestAIProviderFactory" name="test_create_ollama_analyzer" time="0.002" /><testcase classname="tests.test_ai_providers.test_factory.TestAIProviderFactory" name="test_create_ollama_analyzer_default_config" time="0.002" /><testcase classname="tests.test_ai_providers.test_factory.TestAIProviderFactory" name="test_create_invalid_provider_raises_error" time="0.003" /><testcase classname="tests.test_ai_providers.test_factory.TestAIProviderFactory" name="test_get_available_providers_returns_dict" time="0.006" /><testcase classname="tests.test_ai_providers.test_factory.TestAIProviderFactory" name="test_get_available_providers_has_all_providers" time="0.002" /><testcase classname="tests.test_ai_providers.test_factory.TestAIProviderFactory" name="test_get_available_providers_has_descriptions" time="0.002" /><testcase classname="tests.test_ai_providers.test_factory.TestAIProviderFactory" name="test_validate_provider_config_clipboard_always_valid" time="0.002" /><testcase classname="tests.test_ai_providers.test_factory.TestAIProviderFactory" name="test_validate_provider_config_claude_with_key" time="0.006" /><testcase classname="tests.test_ai_providers.test_factory.TestAIProviderFactory" name="test_validate_provider_config_claude_without_key" time="0.002" /><testcase classname="tests.test_ai_providers.test_factory.TestAIProviderFactory" name="test_validate_provider_config_mistral_with_key" time="0.002" /><testcase classname="tests.test_ai_providers.test_factory.TestAIProviderFactory" name="test_validate_provider_config_mistral_without_key" time="0.002" /><testcase classname="tests.test_ai_providers.test_factory.TestAIProviderFactory" name="test_validate_provider_config_openai_with_key" time="0.002" /><testcase classname="tests.test_ai_providers.test_factory.TestAIProviderFactory" name="test_validate_provider_config_openai_without_key" time="0.002" /><testcase classname="tests.test_ai_providers.test_factory.TestAIProviderFactory" name="test_validate_provider_config_ollama_always_valid" time="0.003" /><testcase classname="tests.test_ai_providers.test_factory.TestAIProviderFactory" name="test_validate_provider_config_unknown_provider" time="0.003" /><testcase classname="tests.test_ai_providers.test_mistral_api.TestMistralAPIAnalyzer" name="test_init_success" time="0.076" /><testcase classname="tests.test_ai_providers.test_mistral_api.TestMistralAPIAnalyzer" name="test_init_missing_api_key" time="0.004" /><testcase classname="tests.test_ai_providers.test_mistral_api.TestMistralAPIAnalyzer" name="test_init_empty_api_key" time="0.006" /><testcase classname="tests.test_ai_providers.test_mistral_api.TestMistralAPIAnalyzer" name="test_init_default_model" time="0.063" /><testcase classname="tests.test_ai_providers.test_mistral_api.TestMistralAPIAnalyzer" name="test_init_custom_parameters" time="0.064" /><testcase classname="tests.test_ai_providers.test_mistral_api.TestMistralAPIAnalyzer" name="test_analyze_session_success" time="0.004" /><testcase classname="tests.test_ai_providers.test_mistral_api.TestMistralAPIAnalyzer" name="test_analyze_with_dataset" time="0.031" /><testcase classname="tests.test_ai_providers.test_mistral_api.TestMistralAPIAnalyzer" name="test_analyze_empty_prompt" time="0.005" /><testcase classname="tests.test_ai_providers.test_mistral_api.TestMistralAPIAnalyzer" name="test_analyze_large_prompt" time="0.006" /><testcase classname="tests.test_ai_providers.test_mistral_api.TestMistralAPIAnalyzer" name="test_analyze_special_characters" time="0.005" /><testcase classname="tests.test_ai_providers.test_mistral_api.TestMistralAPIAnalyzer" name="test_analyze_authentication_error" time="0.005" /><testcase classname="tests.test_ai_providers.test_mistral_api.TestMistralAPIAnalyzer" name="test_analyze_rate_limit_error" time="0.003" /><testcase classname="tests.test_ai_providers.test_mistral_api.TestMistralAPIAnalyzer" name="test_analyze_server_error" time="0.003" /><testcase classname="tests.test_ai_providers.test_mistral_api.TestMistralAPIAnalyzer" name="test_analyze_timeout_error" time="0.005" /><testcase classname="tests.test_ai_providers.test_mistral_api.TestMistralAPIAnalyzer" name="test_analyze_connection_error" time="0.005" /><testcase classname="tests.test_ai_providers.test_mistral_api.TestMistralAPIAnalyzer" name="test_get_provider_info" time="0.078" /><testcase classname="tests.test_ai_providers.test_mistral_api.TestMistralAPIAnalyzer" name="test_get_provider_info_structure" time="0.087" /><testcase classname="tests.test_ai_providers.test_mistral_api.TestMistralAPIAnalyzer" name="test_validate_config_success" time="0.103" /><testcase classname="tests.test_ai_providers.test_mistral_api.TestMistralAPIAnalyzer" name="test_multiple_analyzers_independent" time="0.129" /><testcase classname="tests.test_ai_providers.test_mistral_api.TestMistralAPIAnalyzer" name="test_model_parameter_preserved" time="0.070" /><testcase classname="tests.test_ai_providers.test_mistral_api.TestMistralAPIAnalyzer" name="test_client_initialized" time="0.102" /><testcase classname="tests.test_ai_providers.test_mistral_api.TestMistralAPIAnalyzer" name="test_temperature_parameter" time="0.058" /><testcase classname="tests.test_ai_providers.test_mistral_api.TestMistralAPIAnalyzer" name="test_max_tokens_parameter" time="0.072" /><testcase classname="tests.test_ai_providers.test_mistral_api.TestMistralAPIAnalyzer" name="test_timeout_parameter" time="0.054" /><testcase classname="tests.test_ai_providers.test_mistral_api.TestMistralAPIAnalyzer" name="test_provider_enum_value" time="0.055" /><testcase classname="tests.test_ai_providers.test_ollama.TestOllamaAnalyzer" name="test_init_with_defaults" time="0.001" /><testcase classname="tests.test_ai_providers.test_ollama.TestOllamaAnalyzer" name="test_init_with_custom_model" time="0.001" /><testcase classname="tests.test_ai_providers.test_ollama.TestOllamaAnalyzer" name="test_init_with_custom_host" time="0.002" /><testcase classname="tests.test_ai_providers.test_ollama.TestOllamaAnalyzer" name="test_init_with_all_custom_params" time="0.001" /><testcase classname="tests.test_ai_providers.test_ollama.TestOllamaAnalyzer" name="test_api_url_construction" time="0.002" /><testcase classname="tests.test_ai_providers.test_ollama.TestOllamaAnalyzer" name="test_analyze_session_success" time="0.213" /><testcase classname="tests.test_ai_providers.test_ollama.TestOllamaAnalyzer" name="test_analyze_with_dataset" time="0.010" /><testcase classname="tests.test_ai_providers.test_ollama.TestOllamaAnalyzer" name="test_analyze_empty_prompt" time="0.006" /><testcase classname="tests.test_ai_providers.test_ollama.TestOllamaAnalyzer" name="test_analyze_large_prompt" time="0.010" /><testcase classname="tests.test_ai_providers.test_ollama.TestOllamaAnalyzer" name="test_analyze_special_characters" time="0.014" /><testcase classname="tests.test_ai_providers.test_ollama.TestOllamaAnalyzer" name="test_timeout_parameter" time="0.006" /><testcase classname="tests.test_ai_providers.test_ollama.TestOllamaAnalyzer" name="test_analyze_connection_error" time="0.008" /><testcase classname="tests.test_ai_providers.test_ollama.TestOllamaAnalyzer" name="test_analyze_timeout_error" time="0.006" /><testcase classname="tests.test_ai_providers.test_ollama.TestOllamaAnalyzer" name="test_analyze_http_error" time="0.007" /><testcase classname="tests.test_ai_providers.test_ollama.TestOllamaAnalyzer" name="test_analyze_invalid_json_response" time="0.006" /><testcase classname="tests.test_ai_providers.test_ollama.TestOllamaAnalyzer" name="test_analyze_missing_response_field" time="0.007" /><testcase classname="tests.test_ai_providers.test_ollama.TestOllamaAnalyzer" name="test_get_provider_info" time="0.004" /><testcase classname="tests.test_ai_providers.test_ollama.TestOllamaAnalyzer" name="test_get_provider_info_structure" time="0.006" /><testcase classname="tests.test_ai_providers.test_ollama.TestOllamaAnalyzer" name="test_validate_config_success" time="0.003" /><testcase classname="tests.test_ai_providers.test_ollama.TestOllamaAnalyzer" name="test_validate_config_server_offline" time="0.003" /><testcase classname="tests.test_ai_providers.test_ollama.TestOllamaAnalyzer" name="test_validate_config_timeout" time="0.003" /><testcase classname="tests.test_ai_providers.test_ollama.TestOllamaAnalyzer" name="test_validate_config_http_error" time="0.006" /><testcase classname="tests.test_ai_providers.test_ollama.TestOllamaAnalyzer" name="test_multiple_analyzers_independent" time="0.002" /><testcase classname="tests.test_ai_providers.test_ollama.TestOllamaAnalyzer" name="test_model_parameter_preserved" time="0.002" /><testcase classname="tests.test_ai_providers.test_ollama.TestOllamaAnalyzer" name="test_host_parameter_preserved" time="0.006" /><testcase classname="tests.test_ai_providers.test_ollama.TestOllamaAnalyzer" name="test_provider_enum_value" time="0.004" /><testcase classname="tests.test_ai_providers.test_ollama.TestOllamaAnalyzer" name="test_no_api_key_required" time="0.002" /><testcase classname="tests.test_ai_providers.test_ollama.TestOllamaAnalyzer" name="test_provider_info_status_ready_when_online" time="0.014" /><testcase classname="tests.test_ai_providers.test_ollama.TestOllamaAnalyzer" name="test_provider_info_status_offline_when_unavailable" time="0.005" /><testcase classname="tests.test_ai_providers.test_openai_api.TestOpenAIAnalyzer" name="test_init_success" time="0.045" /><testcase classname="tests.test_ai_providers.test_openai_api.TestOpenAIAnalyzer" name="test_init_missing_api_key" time="0.006" /><testcase classname="tests.test_ai_providers.test_openai_api.TestOpenAIAnalyzer" name="test_init_empty_api_key" time="0.003" /><testcase classname="tests.test_ai_providers.test_openai_api.TestOpenAIAnalyzer" name="test_init_default_model" time="0.038" /><testcase classname="tests.test_ai_providers.test_openai_api.TestOpenAIAnalyzer" name="test_init_custom_model" time="0.036" /><testcase classname="tests.test_ai_providers.test_openai_api.TestOpenAIAnalyzer" name="test_analyze_session_success" time="0.006" /><testcase classname="tests.test_ai_providers.test_openai_api.TestOpenAIAnalyzer" name="test_analyze_with_dataset" time="0.005" /><testcase classname="tests.test_ai_providers.test_openai_api.TestOpenAIAnalyzer" name="test_analyze_empty_prompt" time="0.010" /><testcase classname="tests.test_ai_providers.test_openai_api.TestOpenAIAnalyzer" name="test_analyze_large_prompt" time="0.008" /><testcase classname="tests.test_ai_providers.test_openai_api.TestOpenAIAnalyzer" name="test_analyze_special_characters" time="0.008" /><testcase classname="tests.test_ai_providers.test_openai_api.TestOpenAIAnalyzer" name="test_analyze_authentication_error" time="0.004" /><testcase classname="tests.test_ai_providers.test_openai_api.TestOpenAIAnalyzer" name="test_analyze_rate_limit_error" time="0.005" /><testcase classname="tests.test_ai_providers.test_openai_api.TestOpenAIAnalyzer" name="test_analyze_server_error" time="0.003" /><testcase classname="tests.test_ai_providers.test_openai_api.TestOpenAIAnalyzer" name="test_analyze_timeout_error" time="0.005" /><testcase classname="tests.test_ai_providers.test_openai_api.TestOpenAIAnalyzer" name="test_analyze_connection_error" time="0.006" /><testcase classname="tests.test_ai_providers.test_openai_api.TestOpenAIAnalyzer" name="test_get_provider_info" time="0.062" /><testcase classname="tests.test_ai_providers.test_openai_api.TestOpenAIAnalyzer" name="test_get_provider_info_structure" time="0.035" /><testcase classname="tests.test_ai_providers.test_openai_api.TestOpenAIAnalyzer" name="test_validate_config_success" time="0.047" /><testcase classname="tests.test_ai_providers.test_openai_api.TestOpenAIAnalyzer" name="test_multiple_analyzers_independent" time="0.074" /><testcase classname="tests.test_ai_providers.test_openai_api.TestOpenAIAnalyzer" name="test_model_parameter_preserved" time="0.034" /><testcase classname="tests.test_ai_providers.test_openai_api.TestOpenAIAnalyzer" name="test_client_initialized" time="0.028" /><testcase classname="tests.test_ai_providers.test_openai_api.TestOpenAIAnalyzer" name="test_provider_enum_value" time="0.039" /><testcase classname="tests.test_ai_providers.test_openai_api.TestOpenAIAnalyzer" name="test_gpt4_turbo_default" time="0.032" /><testcase classname="tests.test_asservissement" name="test_load_workout_templates" time="0.040" /><testcase classname="tests.test_asservissement" name="test_load_remaining_sessions" time="0.043" /><testcase classname="tests.test_asservissement" name="test_format_remaining_sessions_compact" time="0.029" /><testcase classname="tests.test_asservissement" name="test_parse_modifications_empty" time="0.027" /><testcase classname="tests.test_asservissement" name="test_parse_modifications_valid" time="0.034" /><testcase classname="tests.test_asservissement" name="test_extract_day_number" time="0.043" /><testcase classname="tests.test_asservissement" name="test_templates_have_required_fields" time="0.036" /><testcase classname="tests.test_asservissement" name="test_apply_planning_modifications_empty" time="0.044" /><testcase classname="tests.test_create_event" name="test_create_event" time="0.261" /><testcase classname="tests.test_daily_aggregator" name="test_daily_aggregator_initialization" time="0.009" /><testcase classname="tests.test_daily_aggregator" name="test_collect_raw_data" time="0.010" /><testcase classname="tests.test_daily_aggregator" name="test_process_data" time="0.006" /><testcase classname="tests.test_daily_aggregator" name="test_format_output" time="0.010" /><testcase classname="tests.test_daily_aggregator" name="test_complete_aggregation_pipeline" time="0.011" /><testcase classname="tests.test_daily_aggregator" name="test_load_feedback_missing_file" time="0.009" /><testcase classname="tests.test_daily_aggregator" name="test_load_feedback_wrong_activity" time="0.063" /><testcase classname="tests.test_daily_aggregator" name="test_calculate_derived_metrics" time="0.053" /><testcase classname="tests.test_daily_aggregator" name="test_classify_fitness_state" time="0.009" /><testcase classname="tests.test_daily_aggregator" name="test_classify_intensity" time="0.005" /><testcase classname="tests.test_daily_aggregator" name="test_aggregator_with_missing_files" time="0.006" /><testcase classname="tests.test_daily_aggregator" name="test_load_power_zones_missing_file" time="0.003" /><testcase classname="tests.test_daily_sync.TestCalculateCurrentWeekInfo" name="test_calculate_current_week_info_default" time="0.003" /><testcase classname="tests.test_daily_sync.TestCalculateCurrentWeekInfo" name="test_calculate_current_week_info_far_future" time="0.002" /><testcase classname="tests.test_daily_sync.TestCalculateCurrentWeekInfo" name="test_calculate_current_week_info_uses_today_by_default" time="0.010" /><testcase classname="tests.test_daily_sync.TestActivityTracker" name="test_init_new_file" time="0.007" /><testcase classname="tests.test_daily_sync.TestActivityTracker" name="test_init_existing_file" time="0.004" /><testcase classname="tests.test_daily_sync.TestActivityTracker" name="test_is_analyzed_true" time="0.005" /><testcase classname="tests.test_daily_sync.TestActivityTracker" name="test_is_analyzed_false_no_date" time="0.003" /><testcase classname="tests.test_daily_sync.TestActivityTracker" name="test_is_analyzed_false_different_id" time="0.006" /><testcase classname="tests.test_daily_sync.TestActivityTracker" name="test_mark_analyzed_new_date" time="0.014" /><testcase classname="tests.test_daily_sync.TestActivityTracker" name="test_mark_analyzed_existing_date" time="0.014" /><testcase classname="tests.test_daily_sync.TestActivityTracker" name="test_mark_analyzed_with_paired_event_id" time="0.005" /><testcase classname="tests.test_daily_sync.TestDailySyncInit" name="test_init_basic" time="0.006" /><testcase classname="tests.test_daily_sync.TestDailySyncInit" name="test_init_with_ai_analysis" time="0.007" /><testcase classname="tests.test_daily_sync.TestDailySyncInit" name="test_init_ai_analysis_no_provider" time="0.008" /><testcase classname="tests.test_daily_sync.TestDailySyncDetectDuplicates" name="test_detect_duplicate_activities_empty_list" time="0.005" /><testcase classname="tests.test_daily_sync.TestDailySyncDetectDuplicates" name="test_detect_duplicate_activities_no_duplicates" time="0.006" /><testcase classname="tests.test_daily_sync.TestDailySyncDetectDuplicates" name="test_detect_duplicate_activities_with_duplicates" time="0.005" /><testcase classname="tests.test_daily_sync.TestDailySyncDetectDuplicates" name="test_detect_duplicate_prefers_paired_event" time="0.005" /><testcase classname="tests.test_data_aggregator" name="test_aggregator_pipeline" time="0.003" /><testcase classname="tests.test_data_aggregator" name="test_aggregator_with_metadata" time="0.003" /><testcase classname="tests.test_data_aggregator" name="test_aggregator_with_custom_config" time="0.003" /><testcase classname="tests.test_data_aggregator" name="test_aggregator_with_custom_data_dir" time="0.006" /><testcase classname="tests.test_data_aggregator" name="test_aggregator_error_handling" time="0.004" /><testcase classname="tests.test_data_aggregator" name="test_validate_data" time="0.001" /><testcase classname="tests.test_data_config" name="test_config_with_explicit_path" time="0.007" /><testcase classname="tests.test_data_config" name="test_config_with_env_var" time="0.007" /><testcase classname="tests.test_data_config" name="test_config_nonexistent_path" time="0.003" /><testcase classname="tests.test_data_config" name="test_config_missing_workouts_history" time="0.021" /><testcase classname="tests.test_data_config" name="test_config_ensure_directories" time="0.009" /><testcase classname="tests.test_data_config" name="test_get_data_config_singleton" time="0.005" /><testcase classname="tests.test_data_config" name="test_set_and_reset_config" time="0.007" /><testcase classname="tests.test_data_config" name="test_config_all_paths" time="0.012" /><testcase classname="tests.test_docstring_migrator" name="test_parse_old_docstring" time="0.002" /><testcase classname="tests.test_docstring_migrator" name="test_generate_google_style" time="0.002" /><testcase classname="tests.test_docstring_migrator" name="test_migrate_file" time="0.013" /><testcase classname="tests.test_docstring_migrator" name="test_dry_run_mode" time="0.007" /><testcase classname="tests.test_docstring_migrator" name="test_no_old_format" time="0.006" /><testcase classname="tests.test_duplicate_detector" name="test_detect_duplicates" time="0.015" /><testcase classname="tests.test_duplicate_detector" name="test_no_duplicates_found" time="0.011" /><testcase classname="tests.test_duplicate_detector" name="test_check_window_limitation" time="0.008" /><testcase classname="tests.test_duplicate_detector" name="test_auto_fix" time="0.006" /><testcase classname="tests.test_duplicate_detector" name="test_fail_fast_mode" time="0.008" /><testcase classname="tests.test_duplicate_detector" name="test_no_action_when_no_duplicates" time="0.006" /><testcase classname="tests.test_duplicate_detector" name="test_nonexistent_file" time="0.003" /><testcase classname="tests.test_duplicate_detector" name="test_find_entry_bounds" time="0.006" /><testcase classname="tests.test_duplicate_detector" name="test_remove_multiple_duplicates" time="0.006" /><testcase classname="tests.test_intervals_format" name="test_valid_simple_workout" time="0.005" /><testcase classname="tests.test_intervals_format" name="test_valid_repeated_block" time="0.003" /><testcase classname="tests.test_intervals_format" name="test_invalid_repetition_in_interval" time="0.003" /><testcase classname="tests.test_intervals_format" name="test_invalid_repetition_alone" time="0.002" /><testcase classname="tests.test_intervals_format" name="test_warning_non_standard_section" time="0.002" /><testcase classname="tests.test_intervals_format" name="test_invalid_markdown" time="0.004" /><testcase classname="tests.test_intervals_format" name="test_fix_non_standard_section" time="0.003" /><testcase classname="tests.test_intervals_format" name="test_multiple_repeated_blocks" time="0.002" /><testcase classname="tests.test_intervals_format" name="test_generate_examples" time="0.002" /><testcase classname="tests.test_intervals_format" name="test_empty_workout" time="0.001" /><testcase classname="tests.test_intervals_format" name="test_workout_without_sections" time="0.002" /><testcase classname="tests.test_intervals_format" name="test_interval_without_duration_warning" time="0.002" /><testcase classname="tests.test_intervals_format" name="test_fix_repetition_with_interval_error" time="0.009" /><testcase classname="tests.test_intervals_format" name="test_fix_repetition_prints_correction" time="0.016" /><testcase classname="tests.test_intervals_format" name="test_main_function_runs" time="0.023" /><testcase classname="tests.test_intervals_format" name="test_main_function_outputs" time="0.006" /><testcase classname="tests.test_intervals_format" name="test_script_main_entry_point" time="0.004" /><testcase classname="tests.test_mcp_edge_cases" name="test_update_completed_sessions_returns_dict_not_none" time="0.005" /><testcase classname="tests.test_mcp_edge_cases" name="test_update_completed_sessions_exception_returns_dict" time="0.008" /><testcase classname="tests.test_mcp_edge_cases" name="test_session_model_attribute_names" time="0.002" /><testcase classname="tests.test_mcp_edge_cases" name="test_update_athlete_profile_schema_structure" time="1.701" /><testcase classname="tests.test_mcp_edge_cases" name="test_activity_details_includes_stream_metadata" time="0.002" /><testcase classname="tests.test_mcp_edge_cases" name="test_create_remote_note_name_pattern" time="0.003" /><testcase classname="tests.test_mcp_edge_cases" name="test_all_fixes_integrated" time="0.002" /><testcase classname="tests.test_mcp_handlers" name="test_daily_sync_empty_activities_returns_dict" time="0.018" /><testcase classname="tests.test_mcp_handlers" name="test_daily_sync_api_error_returns_dict" time="0.012" /><testcase classname="tests.test_mcp_handlers" name="test_analyze_session_adherence_attribute_names" time="0.011" /><testcase classname="tests.test_mcp_handlers" name="test_analyze_session_adherence_session_not_found" time="0.007" /><testcase classname="tests.test_mcp_handlers" name="test_update_athlete_profile_schema_allows_dynamic_fields" time="0.008" /><testcase classname="tests.test_mcp_handlers" name="test_update_athlete_profile_accepts_ftp" time="0.013" /><testcase classname="tests.test_mcp_handlers" name="test_update_athlete_profile_accepts_multiple_fields" time="0.014" /><testcase classname="tests.test_mcp_handlers" name="test_session_model_has_correct_attributes" time="0.002" /><testcase classname="tests.test_mcp_handlers" name="test_daily_sync_handler_full_flow" time="0.016" /><testcase classname="tests.test_mcp_handlers" name="test_sync_remote_to_local_handler_returns_json" time="0.028" /><testcase classname="tests.test_mcp_handlers" name="test_sync_remote_to_local_planning_not_found" time="0.010" /><testcase classname="tests.test_mcp_handlers" name="test_backfill_activities_handler_returns_json" time="0.015" /><testcase classname="tests.test_mcp_handlers" name="test_backfill_activities_with_date_range" time="0.072" /><testcase classname="tests.test_mcp_tools_comprehensive.TestDailySyncComprehensive" name="test_daily_sync_with_no_activities" time="0.023" /><testcase classname="tests.test_mcp_tools_comprehensive.TestDailySyncComprehensive" name="test_daily_sync_with_multiple_activities" time="0.008" /><testcase classname="tests.test_mcp_tools_comprehensive.TestDailySyncComprehensive" name="test_daily_sync_with_mixed_activity_types" time="0.005" /><testcase classname="tests.test_mcp_tools_comprehensive.TestDailySyncComprehensive" name="test_daily_sync_with_null_activities_in_list" time="0.005" /><testcase classname="tests.test_mcp_tools_comprehensive.TestDailySyncComprehensive" name="test_daily_sync_with_malformed_dates" time="0.027" /><testcase classname="tests.test_mcp_tools_comprehensive.TestAnalyzeSessionAdherenceComprehensive" name="test_adherence_perfect_match" time="0.017" /><testcase classname="tests.test_mcp_tools_comprehensive.TestAnalyzeSessionAdherenceComprehensive" name="test_adherence_over_performance" time="0.046" /><testcase classname="tests.test_mcp_tools_comprehensive.TestAnalyzeSessionAdherenceComprehensive" name="test_adherence_under_performance" time="0.051" /><testcase classname="tests.test_mcp_tools_comprehensive.TestAnalyzeSessionAdherenceComprehensive" name="test_adherence_missing_session" time="0.026" /><testcase classname="tests.test_mcp_tools_comprehensive.TestAnalyzeSessionAdherenceComprehensive" name="test_adherence_with_zero_planned_values" time="0.025" /><testcase classname="tests.test_mcp_tools_comprehensive.TestUpdateAthleteProfileComprehensive" name="test_update_single_field_ftp" time="0.014" /><testcase classname="tests.test_mcp_tools_comprehensive.TestUpdateAthleteProfileComprehensive" name="test_update_multiple_fields" time="0.080" /><testcase classname="tests.test_mcp_tools_comprehensive.TestUpdateAthleteProfileComprehensive" name="test_update_weight_only" time="0.006" /><testcase classname="tests.test_mcp_tools_comprehensive.TestUpdateAthleteProfileComprehensive" name="test_update_heart_rate_fields" time="0.008" /><testcase classname="tests.test_mcp_tools_comprehensive.TestUpdateAthleteProfileComprehensive" name="test_update_with_empty_updates" time="0.005" /><testcase classname="tests.test_mcp_tools_comprehensive.TestUpdateAthleteProfileComprehensive" name="test_schema_accepts_arbitrary_fields" time="0.010" /><testcase classname="tests.test_mcp_tools_comprehensive.TestUpdateAthleteProfileComprehensive" name="test_update_with_custom_field" time="0.009" /><testcase classname="tests.test_p0_fixes" name="test_p0_fix1_modified_status_valid" time="0.002" /><testcase classname="tests.test_p0_fixes" name="test_p0_fix3_auto_reclassification_persistence" time="0.002" /><testcase classname="tests.test_p0_fixes" name="test_validation_with_modified_status" time="0.002" /><testcase classname="tests.test_phase1_integration" name="test_timeline_injector" time="0.015" /><testcase classname="tests.test_phase1_integration" name="test_daily_aggregator" time="0.008" /><testcase classname="tests.test_phase1_integration" name="test_prompt_generator" time="0.003" /><testcase classname="tests.test_phase1_integration" name="test_full_workflow_integration" time="0.009" /><testcase classname="tests.test_planned_sessions_checker.TestPlannedSessionsCheckerInit" name="test_init_with_credentials" time="0.002" /><testcase classname="tests.test_planned_sessions_checker.TestPlannedSessionsCheckerInit" name="test_api_client_is_created" time="0.002" /><testcase classname="tests.test_planned_sessions_checker.TestGetPlannedWorkouts" name="test_get_planned_workouts_filters_by_category" time="0.005" /><testcase classname="tests.test_planned_sessions_checker.TestGetPlannedWorkouts" name="test_get_planned_workouts_with_custom_category" time="0.004" /><testcase classname="tests.test_planned_sessions_checker.TestGetPlannedWorkouts" name="test_get_planned_workouts_handles_api_error" time="0.003" /><testcase classname="tests.test_planned_sessions_checker.TestGetPlannedWorkouts" name="test_get_planned_workouts_empty_result" time="0.006" /><testcase classname="tests.test_planned_sessions_checker.TestFindMatchingActivity" name="test_match_by_session_code" time="0.001" /><testcase classname="tests.test_planned_sessions_checker.TestFindMatchingActivity" name="test_match_by_workout_name" time="0.002" /><testcase classname="tests.test_planned_sessions_checker.TestFindMatchingActivity" name="test_match_by_activity_name_in_workout" time="0.002" /><testcase classname="tests.test_planned_sessions_checker.TestFindMatchingActivity" name="test_no_match_time_too_far" time="0.004" /><testcase classname="tests.test_planned_sessions_checker.TestFindMatchingActivity" name="test_match_with_custom_tolerance" time="0.002" /><testcase classname="tests.test_planned_sessions_checker.TestFindMatchingActivity" name="test_no_match_different_names" time="0.002" /><testcase classname="tests.test_planned_sessions_checker.TestDetectSkippedSessions" name="test_detect_skipped_sessions_basic" time="0.003" /><testcase classname="tests.test_planned_sessions_checker.TestDetectSkippedSessions" name="test_detect_skipped_excludes_future_workouts" time="0.006" /><testcase classname="tests.test_planned_sessions_checker.TestDetectSkippedSessions" name="test_detect_skipped_includes_future_when_disabled" time="0.003" /><testcase classname="tests.test_planned_sessions_checker.TestDetectSkippedSessions" name="test_detect_skipped_matches_executed_workout" time="0.004" /><testcase classname="tests.test_planned_sessions_checker.TestDetectSkippedSessions" name="test_detect_skipped_handles_api_error" time="0.005" /><testcase classname="tests.test_planned_sessions_checker.TestDetectSkippedSessions" name="test_detect_skipped_no_planned_workouts" time="0.004" /><testcase classname="tests.test_planned_sessions_checker.TestGenerateSkippedSessionMarkdown" name="test_generate_markdown_basic" time="0.004" /><testcase classname="tests.test_planned_sessions_checker.TestGenerateSkippedSessionMarkdown" name="test_generate_markdown_with_metrics" time="0.002" /><testcase classname="tests.test_planned_sessions_checker.TestGenerateSkippedSessionMarkdown" name="test_generate_markdown_no_metrics" time="0.002" /><testcase classname="tests.test_planned_sessions_checker.TestGenerateSkippedSessionMarkdown" name="test_generate_markdown_plural_days" time="0.003" /><testcase classname="tests.test_planned_sessions_checker.TestMainFunction" name="test_main_with_valid_config" time="0.007" /><testcase classname="tests.test_rest_and_cancellations" name="test_load_valid_planning" time="0.016" /><testcase classname="tests.test_rest_and_cancellations" name="test_load_missing_planning" time="0.006" /><testcase classname="tests.test_rest_and_cancellations" name="test_validate_planning_valid" time="0.002" /><testcase classname="tests.test_rest_and_cancellations" name="test_validate_planning_missing_field" time="0.002" /><testcase classname="tests.test_rest_and_cancellations" name="test_validate_planning_invalid_status" time="0.002" /><testcase classname="tests.test_rest_and_cancellations" name="test_validate_planning_missing_cancellation_reason" time="0.001" /><testcase classname="tests.test_rest_and_cancellations" name="test_validate_planning_duplicate_session_id" time="0.003" /><testcase classname="tests.test_rest_and_cancellations" name="test_generate_rest_day_markdown" time="0.002" /><testcase classname="tests.test_rest_and_cancellations" name="test_generate_cancelled_session_markdown" time="0.002" /><testcase classname="tests.test_rest_and_cancellations" name="test_reconcile_planned_actual" time="0.003" /><testcase classname="tests.test_rest_and_cancellations" name="test_reconcile_with_unplanned_activity" time="0.003" /><testcase classname="tests.test_rest_and_cancellations" name="test_reconcile_multiple_activities_same_day" time="0.004" /><testcase classname="tests.test_rest_and_cancellations" name="test_generate_rest_day_without_feedback" time="0.004" /><testcase classname="tests.test_rest_and_cancellations" name="test_cancelled_session_without_impact_notes" time="0.003" /><testcase classname="tests.test_shift_sessions.TestSessionShifter" name="test_load_planning" time="0.008" /><testcase classname="tests.test_shift_sessions.TestSessionShifter" name="test_shift_sessions_forward" time="0.008" /><testcase classname="tests.test_shift_sessions.TestSessionShifter" name="test_shift_with_renumber" time="0.007" /><testcase classname="tests.test_shift_sessions.TestSessionShifter" name="test_shift_respects_completed_status" time="0.015" /><testcase classname="tests.test_shift_sessions.TestSessionShifter" name="test_swap_sessions_by_id" time="0.009" /><testcase classname="tests.test_shift_sessions.TestSessionShifter" name="test_swap_sessions_by_day" time="0.011" /><testcase classname="tests.test_shift_sessions.TestSessionShifter" name="test_swap_prevents_completed_session" time="0.009" /><testcase classname="tests.test_shift_sessions.TestSessionShifter" name="test_insert_rest_day" time="0.009" /><testcase classname="tests.test_shift_sessions.TestSessionShifter" name="test_remove_session" time="0.006" /><testcase classname="tests.test_shift_sessions.TestSessionShifter" name="test_save_updates_timestamp" time="0.008" /><testcase classname="tests.test_shift_sessions.TestSessionShifter" name="test_dry_run_does_not_save" time="0.012" /><testcase classname="tests.test_shift_sessions.TestSessionShifter" name="test_modified_sessions_tracking" time="0.013" /><testcase classname="tests.test_shift_sessions.TestSessionShifter" name="test_swap_tracks_both_sessions" time="0.012" /><testcase classname="tests.test_shift_sessions.TestValidation" name="test_missing_planning_file" time="0.011" /><testcase classname="tests.test_shift_sessions.TestValidation" name="test_swap_requires_parameters" time="0.010" /><testcase classname="tests.test_shift_sessions.TestDisplaySummary" name="test_display_summary" time="0.011" /><testcase classname="tests.test_sync_intervals.TestWorkoutLoggerInit" name="test_init_with_data_config" time="0.009" /><testcase classname="tests.test_sync_intervals.TestWorkoutLoggerInit" name="test_init_with_explicit_logs_dir" time="0.008" /><testcase classname="tests.test_sync_intervals.TestWorkoutLoggerInit" name="test_init_fallback_to_default" time="0.003" /><testcase classname="tests.test_sync_intervals.TestFormatWorkoutEntry" name="test_format_workout_entry_basic" time="0.004" /><testcase classname="tests.test_sync_intervals.TestFormatWorkoutEntry" name="test_format_workout_entry_with_decoupling" time="0.007" /><testcase classname="tests.test_sync_intervals.TestFormatWorkoutEntry" name="test_format_workout_entry_without_decoupling" time="0.004" /><testcase classname="tests.test_sync_intervals.TestUpdateWorkoutsHistory" name="test_update_workouts_history_new_file" time="0.005" /><testcase classname="tests.test_sync_intervals.TestUpdateWorkoutsHistory" name="test_update_workouts_history_existing_file" time="0.008" /><testcase classname="tests.test_sync_intervals.TestUpdateWorkoutsHistory" name="test_update_workouts_history_multiple_activities" time="0.008" /><testcase classname="tests.test_sync_intervals.TestUpdateMetricsEvolution" name="test_update_metrics_evolution_creates_summary" time="0.011" /><testcase classname="tests.test_sync_intervals.TestUpdateMetricsEvolution" name="test_update_metrics_evolution_handles_none_ftp" time="0.010" /><testcase classname="tests.test_sync_intervals.TestUpdateMetricsEvolution" name="test_update_metrics_evolution_handles_none_weight" time="0.014" /><testcase classname="tests.test_sync_intervals.TestLoadConfig" name="test_load_config_valid_file" time="0.007" /><testcase classname="tests.test_sync_intervals.TestLoadConfig" name="test_load_config_nonexistent_file" time="0.008" /><testcase classname="tests.test_sync_intervals.TestLoadConfig" name="test_load_config_expands_tilde" time="0.003" /><testcase classname="tests.test_sync_intervals.TestMainFunction" name="test_main_with_cli_args" time="0.013" /><testcase classname="tests.test_sync_intervals.TestMainFunction" name="test_main_missing_credentials" time="0.010" /><testcase classname="tests.test_sync_intervals.TestMainFunction" name="test_main_with_config_file" time="0.007" /><testcase classname="tests.test_timeline_injector" name="test_extract_date_from_entry" time="0.005" /><testcase classname="tests.test_timeline_injector" name="test_chronological_injection_middle" time="0.006" /><testcase classname="tests.test_timeline_injector" name="test_duplicate_detection" time="0.005" /><testcase classname="tests.test_timeline_injector" name="test_injection_without_date_extraction" time="0.009" /><testcase classname="tests.test_timeline_injector" name="test_file_not_found" time="0.002" /><testcase classname="tests.test_timeline_injector" name="test_inject_multiple_entries" time="0.011" /><testcase classname="tests.test_weekly_aggregator" name="test_weekly_aggregator_initialization" time="0.003" /><testcase classname="tests.test_weekly_aggregator" name="test_compute_weekly_summary" time="0.004" /><testcase classname="tests.test_weekly_aggregator" name="test_process_workouts_detailed" time="0.196" /><testcase classname="tests.test_weekly_aggregator" name="test_process_metrics_evolution" time="0.002" /><testcase classname="tests.test_weekly_aggregator" name="test_extract_training_learnings" time="0.002" /><testcase classname="tests.test_weekly_aggregator" name="test_identify_protocol_changes" time="0.002" /><testcase classname="tests.test_weekly_aggregator" name="test_prepare_transition_data" time="0.002" /><testcase classname="tests.test_weekly_aggregator" name="test_analyze_wellness" time="0.003" /><testcase classname="tests.test_weekly_analyzer" name="test_weekly_analyzer_initialization" time="0.006" /><testcase classname="tests.test_weekly_analyzer" name="test_generate_workout_history" time="0.002" /><testcase classname="tests.test_weekly_analyzer" name="test_generate_metrics_evolution" time="0.006" /><testcase classname="tests.test_weekly_analyzer" name="test_generate_training_learnings" time="0.005" /><testcase classname="tests.test_weekly_analyzer" name="test_generate_protocol_adaptations" time="0.002" /><testcase classname="tests.test_weekly_analyzer" name="test_generate_transition" time="0.001" /><testcase classname="tests.test_weekly_analyzer" name="test_generate_bilan_final" time="0.002" /><testcase classname="tests.test_weekly_analyzer" name="test_generate_all_reports" time="0.002" /><testcase classname="tests.test_weekly_analyzer" name="test_get_period" time="0.001" /><testcase classname="tests.test_weekly_analyzer" name="test_empty_workouts_data" time="0.002" /><testcase classname="tests.test_weekly_corrections" name="test_correctifs" time="0.004" /><testcase classname="tests.test_weekly_parser" name="test_parser" time="0.003" /><testcase classname="tests.test_workflow_weekly" name="test_get_current_week_info" time="0.003" /><testcase classname="tests.test_workflow_weekly" name="test_get_current_week_monday_calculation" time="0.003" /><testcase classname="tests.test_workflow_weekly" name="test_weekly_workflow_initialization" time="0.012" /><testcase classname="tests.test_workflow_weekly" name="test_weekly_workflow_run" time="0.016" /><testcase classname="tests.test_workflow_weekly" name="test_weekly_workflow_aggregation_failure" time="0.005" /><testcase classname="tests.test_workflow_weekly" name="test_weekly_workflow_ai_analysis" time="0.006" /><testcase classname="tests.test_workflow_weekly" name="test_run_weekly_analysis_utility" time="0.005" /><testcase classname="tests.test_workflow_weekly" name="test_week_number_format" time="0.001" /><testcase classname="tests.test_workflow_weekly" name="test_workflow_without_data_dir" time="0.002" /><testcase classname="tests.utils.test_ai_response_parser.TestParseAIModifications" name="test_parse_json_in_markdown_code_block" time="0.004" /><testcase classname="tests.utils.test_ai_response_parser.TestParseAIModifications" name="test_parse_json_without_markdown" time="0.001" /><testcase classname="tests.utils.test_ai_response_parser.TestParseAIModifications" name="test_parse_multiple_modifications" time="0.002" /><testcase classname="tests.utils.test_ai_response_parser.TestParseAIModifications" name="test_parse_empty_response" time="0.007" /><testcase classname="tests.utils.test_ai_response_parser.TestParseAIModifications" name="test_parse_whitespace_only" time="0.003" /><testcase classname="tests.utils.test_ai_response_parser.TestParseAIModifications" name="test_parse_no_modifications_key" time="0.002" /><testcase classname="tests.utils.test_ai_response_parser.TestParseAIModifications" name="test_parse_invalid_json" time="0.003" /><testcase classname="tests.utils.test_ai_response_parser.TestParseAIModifications" name="test_parse_modifications_not_list" time="0.002" /><testcase classname="tests.utils.test_ai_response_parser.TestParseAIModifications" name="test_parse_whitespace_variations" time="0.001" /><testcase classname="tests.utils.test_ai_response_parser.TestParseAIModifications" name="test_parse_no_json_found" time="0.002" /><testcase classname="tests.utils.test_date_helpers.TestExtractDayNumber" name="test_extract_day_number_monday" time="0.016" /><testcase classname="tests.utils.test_date_helpers.TestExtractDayNumber" name="test_extract_day_number_wednesday" time="0.012" /><testcase classname="tests.utils.test_date_helpers.TestExtractDayNumber" name="test_extract_day_number_sunday" time="0.017" /><testcase classname="tests.utils.test_date_helpers.TestExtractDayNumber" name="test_extract_day_number_different_week" time="0.016" /><testcase classname="tests.utils.test_date_helpers.TestExtractDayNumber" name="test_extract_day_number_file_not_found" time="0.005" /><testcase classname="tests.utils.test_date_helpers.TestExtractDayNumber" name="test_extract_day_number_invalid_date_format" time="0.005" /><testcase classname="tests.utils.test_date_helpers.TestExtractDayNumber" name="test_extract_day_number_missing_start_date_key" time="0.017" /><testcase classname="tests.utils.test_date_helpers.TestExtractDayNumber" name="test_extract_day_number_invalid_json" time="0.009" /><testcase classname="tests.utils.test_date_helpers.TestExtractDayNumber" name="test_extract_day_number_negative_delta" time="0.009" /><testcase classname="tests.utils.test_date_helpers.TestExtractDayNumber" name="test_extract_day_number_far_future_date" time="0.007" /><testcase classname="tests.utils.test_date_helpers.TestExtractDayNumber" name="test_extract_day_number_leap_year" time="0.006" /><testcase classname="tests.utils.test_date_helpers.TestExtractDayNumber" name="test_extract_day_number_year_boundary" time="0.008" /><testcase classname="tests.utils.test_metrics.TestExtractWellnessMetrics" name="test_extract_complete_wellness" time="0.002" /><testcase classname="tests.utils.test_metrics.TestExtractWellnessMetrics" name="test_extract_none_wellness" time="0.002" /><testcase classname="tests.utils.test_metrics.TestExtractWellnessMetrics" name="test_extract_with_none_values" time="0.002" /><testcase classname="tests.utils.test_metrics.TestExtractWellnessMetrics" name="test_extract_without_tsb" time="0.005" /><testcase classname="tests.utils.test_metrics.TestExtractWellnessMetrics" name="test_extract_empty_dict" time="0.002" /><testcase classname="tests.utils.test_metrics.TestCalculateTSB" name="test_calculate_positive_tsb" time="0.002" /><testcase classname="tests.utils.test_metrics.TestCalculateTSB" name="test_calculate_negative_tsb" time="0.005" /><testcase classname="tests.utils.test_metrics.TestCalculateTSB" name="test_calculate_zero_tsb" time="0.002" /><testcase classname="tests.utils.test_metrics.TestFormatMetricsDisplay" name="test_format_positive_tsb" time="0.003" /><testcase classname="tests.utils.test_metrics.TestFormatMetricsDisplay" name="test_format_negative_tsb" time="0.003" /><testcase classname="tests.utils.test_metrics.TestFormatMetricsDisplay" name="test_format_zero_tsb" time="0.003" /><testcase classname="tests.utils.test_metrics.TestFormatMetricsDisplay" name="test_format_missing_values" time="0.003" /><testcase classname="tests.utils.test_metrics.TestIsMetricsComplete" name="test_complete_metrics" time="0.001" /><testcase classname="tests.utils.test_metrics.TestIsMetricsComplete" name="test_zero_values_are_complete" time="0.001" /><testcase classname="tests.utils.test_metrics.TestIsMetricsComplete" name="test_none_value" time="0.002" /><testcase classname="tests.utils.test_metrics.TestIsMetricsComplete" name="test_missing_key" time="0.005" /><testcase classname="tests.utils.test_metrics.TestIsMetricsComplete" name="test_empty_dict" time="0.003" /><testcase classname="tests.utils.test_metrics.TestIsMetricsComplete" name="test_none_dict" time="0.004" /><testcase classname="tests.utils.test_metrics.TestIsMetricsComplete" name="test_invalid_type" time="0.005" /><testcase classname="tests.utils.test_metrics.TestCalculateMetricsChange" name="test_calculate_positive_change" time="0.002" /><testcase classname="tests.utils.test_metrics.TestCalculateMetricsChange" name="test_calculate_negative_change" time="0.002" /><testcase classname="tests.utils.test_metrics.TestCalculateMetricsChange" name="test_calculate_with_none_values" time="0.002" /><testcase classname="tests.utils.test_metrics.TestCalculateMetricsChange" name="test_calculate_no_change" time="0.005" /><testcase classname="tests.utils.test_metrics.TestGetMetricsSafely" name="test_get_from_valid_list" time="0.004" /><testcase classname="tests.utils.test_metrics.TestGetMetricsSafely" name="test_get_from_second_index" time="0.010" /><testcase classname="tests.utils.test_metrics.TestGetMetricsSafely" name="test_get_from_none_list" time="0.011" /><testcase classname="tests.utils.test_metrics.TestGetMetricsSafely" name="test_get_from_empty_list" time="0.004" /><testcase classname="tests.utils.test_metrics.TestGetMetricsSafely" name="test_get_out_of_bounds_index" time="0.005" /><testcase classname="tests.utils.test_metrics.TestGetMetricsSafely" name="test_get_negative_index" time="0.002" /><testcase classname="tests.utils.test_metrics.TestGetMetricsSafely" name="test_get_with_incomplete_data" time="0.002" /><testcase classname="tests.utils.test_metrics_advanced" name="test_calculate_ramp_rate_weekly_increase" time="0.002" /><testcase classname="tests.utils.test_metrics_advanced" name="test_calculate_ramp_rate_biweekly" time="0.004" /><testcase classname="tests.utils.test_metrics_advanced" name="test_calculate_ramp_rate_declining" time="0.002" /><testcase classname="tests.utils.test_metrics_advanced" name="test_calculate_ramp_rate_zero_days_raises" time="0.003" /><testcase classname="tests.utils.test_metrics_advanced" name="test_calculate_ramp_rate_negative_days_raises" time="0.002" /><testcase classname="tests.utils.test_metrics_advanced" name="test_weekly_trend_rising" time="0.003" /><testcase classname="tests.utils.test_metrics_advanced" name="test_weekly_trend_declining" time="0.005" /><testcase classname="tests.utils.test_metrics_advanced" name="test_weekly_trend_stable" time="0.003" /><testcase classname="tests.utils.test_metrics_advanced" name="test_weekly_trend_empty_data" time="0.005" /><testcase classname="tests.utils.test_metrics_advanced" name="test_weekly_trend_insufficient_data" time="0.002" /><testcase classname="tests.utils.test_metrics_advanced" name="test_detect_peaks_single_peak" time="0.002" /><testcase classname="tests.utils.test_metrics_advanced" name="test_detect_peaks_no_peaks" time="0.003" /><testcase classname="tests.utils.test_metrics_advanced" name="test_detect_peaks_multiple_peaks" time="0.007" /><testcase classname="tests.utils.test_metrics_advanced" name="test_detect_peaks_insufficient_history" time="0.005" /><testcase classname="tests.utils.test_metrics_advanced" name="test_recovery_recommendation_critical" time="0.003" /><testcase classname="tests.utils.test_metrics_advanced" name="test_recovery_recommendation_high" time="0.005" /><testcase classname="tests.utils.test_metrics_advanced" name="test_recovery_recommendation_medium" time="0.003" /><testcase classname="tests.utils.test_metrics_advanced" name="test_recovery_recommendation_low" time="0.002" /><testcase classname="tests.utils.test_metrics_advanced" name="test_recovery_recommendation_master_adjustments" time="0.002" /><testcase classname="tests.utils.test_metrics_advanced" name="test_format_comparison_basic" time="0.002" /><testcase classname="tests.utils.test_metrics_advanced" name="test_format_comparison_with_labels" time="0.002" /><testcase classname="tests.utils.test_metrics_advanced" name="test_format_comparison_declining" time="0.002" /><testcase classname="tests.utils.test_metrics_advanced" name="test_format_comparison_stable" time="0.001" /><testcase classname="tests.utils.test_metrics_advanced" name="test_overtraining_risk_critical_tsb" time="0.004" /><testcase classname="tests.utils.test_metrics_advanced" name="test_overtraining_risk_critical_ratio" time="0.003" /><testcase classname="tests.utils.test_metrics_advanced" name="test_overtraining_risk_sleep_veto" time="0.002" /><testcase classname="tests.utils.test_metrics_advanced" name="test_overtraining_risk_combined_sleep_tsb" time="0.001" /><testcase classname="tests.utils.test_metrics_advanced" name="test_overtraining_risk_high" time="0.002" /><testcase classname="tests.utils.test_metrics_advanced" name="test_overtraining_risk_medium" time="0.002" /><testcase classname="tests.utils.test_metrics_advanced" name="test_overtraining_risk_low" time="0.002" /><testcase classname="tests.utils.test_metrics_advanced" name="test_overtraining_risk_master_vs_senior" time="0.006" /><testcase classname="tests.utils.test_metrics_advanced" name="test_overtraining_risk_custom_thresholds" time="0.002" /><testcase classname="tests.workflows.test_end_of_week.TestCalculateWeekStartDate" name="test_calculate_week_start_date_s001" time="0.004" /><testcase classname="tests.workflows.test_end_of_week.TestCalculateWeekStartDate" name="test_calculate_week_start_date_s075" time="0.003" /><testcase classname="tests.workflows.test_end_of_week.TestCalculateWeekStartDate" name="test_calculate_week_start_date_invalid_not_monday" time="0.004" /><testcase classname="tests.workflows.test_end_of_week.TestCalculateWeeklyTransition" name="test_calculate_weekly_transition_sunday" time="0.003" /><testcase classname="tests.workflows.test_end_of_week.TestCalculateWeeklyTransition" name="test_calculate_weekly_transition_monday" time="0.004" /><testcase classname="tests.workflows.test_end_of_week.TestCalculateWeeklyTransition" name="test_calculate_weekly_transition_no_reference_date" time="0.003" /><testcase classname="tests.workflows.test_end_of_week.TestEndOfWeekWorkflowInit" name="test_init_basic" time="0.002" /><testcase classname="tests.workflows.test_end_of_week.TestEndOfWeekWorkflowInit" name="test_init_dry_run_mode" time="0.003" /><testcase classname="tests.workflows.test_end_of_week.TestEndOfWeekWorkflowInit" name="test_init_config_error" time="0.002" /><testcase classname="tests.workflows.test_end_of_week.TestEndOfWeekWorkflowSteps" name="test_step1_analyze_completed_week_file_exists" time="0.014" /><testcase classname="tests.workflows.test_end_of_week.TestEndOfWeekWorkflowSteps" name="test_step1_analyze_completed_week_run_analysis" time="0.008" /><testcase classname="tests.workflows.test_end_of_week.TestEndOfWeekWorkflowSteps" name="test_step1_analyze_completed_week_analysis_fails" time="0.008" /><testcase classname="tests.workflows.test_end_of_week.TestEndOfWeekWorkflowSteps" name="test_step1_analyze_completed_week_dry_run" time="0.004" /><testcase classname="tests.workflows.test_end_of_week.TestEndOfWeekWorkflowSteps" name="test_step1b_pid_evaluation_success" time="0.009" /><testcase classname="tests.workflows.test_end_of_week.TestEndOfWeekWorkflowSteps" name="test_step1b_pid_evaluation_with_test_recommendation" time="0.005" /><testcase classname="tests.workflows.test_end_of_week.TestEndOfWeekWorkflowSteps" name="test_step1b_pid_evaluation_exception_non_blocking" time="0.008" /><testcase classname="tests.workflows.test_end_of_week.TestEndOfWeekWorkflowSteps" name="test_step1b_pid_evaluation_dry_run" time="0.005" /><testcase classname="tests.workflows.test_end_of_week.TestEndOfWeekWorkflowSteps" name="test_step2_generate_planning_prompt_auto_mode" time="0.006" /><testcase classname="tests.workflows.test_end_of_week.TestEndOfWeekWorkflowSteps" name="test_step2_generate_planning_prompt_user_confirms" time="0.004" /><testcase classname="tests.workflows.test_end_of_week.TestEndOfWeekWorkflowSteps" name="test_step2_generate_planning_prompt_user_declines" time="0.005" /><testcase classname="tests.workflows.test_end_of_week.TestEndOfWeekWorkflowSteps" name="test_step2_generate_planning_prompt_dry_run" time="0.003" /><testcase classname="tests.workflows.test_end_of_week.TestEndOfWeekWorkflowSteps" name="test_step3_get_workouts_clipboard_mode" time="0.005" /><testcase classname="tests.workflows.test_end_of_week.TestEndOfWeekWorkflowSteps" name="test_step3_get_workouts_api_mode" time="0.008" /><testcase classname="tests.workflows.test_end_of_week.TestEndOfWeekWorkflowSteps" name="test_get_workouts_clipboard_success" time="0.008" /><testcase classname="tests.workflows.test_end_of_week.TestEndOfWeekWorkflowSteps" name="test_get_workouts_clipboard_file_not_found" time="0.004" /><testcase classname="tests.workflows.test_end_of_week.TestEndOfWeekWorkflowSteps" name="test_get_workouts_clipboard_auto_mode" time="0.054" /><testcase classname="tests.workflows.test_end_of_week.TestEndOfWeekWorkflowSteps" name="test_step4_validate_workouts_success" time="0.005" /><testcase classname="tests.workflows.test_end_of_week.TestEndOfWeekWorkflowSteps" name="test_step4_validate_workouts_no_file" time="0.004" /><testcase classname="tests.workflows.test_end_of_week.TestEndOfWeekWorkflowSteps" name="test_step4_validate_workouts_invalid" time="0.009" /><testcase classname="tests.workflows.test_end_of_week.TestEndOfWeekWorkflowSteps" name="test_step4_validate_workouts_dry_run" time="0.004" /><testcase classname="tests.workflows.test_end_of_week.TestEndOfWeekWorkflowSteps" name="test_step5_upload_workouts_auto_mode_success" time="0.005" /><testcase classname="tests.workflows.test_end_of_week.TestEndOfWeekWorkflowSteps" name="test_step5_upload_workouts_auto_mode_partial_failure" time="0.005" /><testcase classname="tests.workflows.test_end_of_week.TestEndOfWeekWorkflowSteps" name="test_step5_upload_workouts_manual_mode_confirmed" time="0.006" /><testcase classname="tests.workflows.test_end_of_week.TestEndOfWeekWorkflowSteps" name="test_step5_upload_workouts_manual_mode_cancelled" time="0.004" /><testcase classname="tests.workflows.test_end_of_week.TestEndOfWeekWorkflowSteps" name="test_step5_upload_workouts_no_file" time="0.004" /><testcase classname="tests.workflows.test_end_of_week.TestEndOfWeekWorkflowSteps" name="test_step5_upload_workouts_dry_run" time="0.007" /><testcase classname="tests.workflows.test_end_of_week.TestEndOfWeekWorkflowSteps" name="test_step6_archive_disabled" time="0.014" /><testcase classname="tests.workflows.test_end_of_week.TestEndOfWeekWorkflowSteps" name="test_step6_archive_enabled_dry_run" time="0.004" /><testcase classname="tests.workflows.test_end_of_week.TestEndOfWeekWorkflowIntegration" name="test_workflow_run_dry_run_success" time="0.009" /><testcase classname="tests.workflows.test_end_of_week.TestEndOfWeekWorkflowIntegration" name="test_workflow_run_step1_failure" time="0.004" /><testcase classname="tests.workflows.test_end_of_week.TestParseArgs" name="test_parse_args_minimal" time="0.007" /><testcase classname="tests.workflows.test_end_of_week.TestParseArgs" name="test_parse_args_all_options" time="0.004" /><testcase classname="tests.workflows.test_end_of_week.TestParseArgs" name="test_parse_args_auto_transition" time="0.005" /><testcase classname="tests.workflows.test_end_of_week.TestMain" name="test_main_manual_weeks" time="0.005" /><testcase classname="tests.workflows.test_end_of_week.TestMain" name="test_main_auto_transition" time="0.007" /><testcase classname="tests.workflows.test_end_of_week.TestMain" name="test_main_workflow_failure" time="0.004" /><testcase classname="tests.workflows.test_insert_analysis.TestClipboardReader" name="test_read_clipboard_success" time="0.004" /><testcase classname="tests.workflows.test_insert_analysis.TestClipboardReader" name="test_read_clipboard_failure_handles_error" time="0.004" /><testcase classname="tests.workflows.test_insert_analysis.TestAnalysisParser" name="test_extract_markdown_block_clean_format" time="0.002" /><testcase classname="tests.workflows.test_insert_analysis.TestAnalysisParser" name="test_extract_markdown_block_from_code_block" time="0.002" /><testcase classname="tests.workflows.test_insert_analysis.TestAnalysisParser" name="test_extract_markdown_block_without_markdown_fence" time="0.001" /><testcase classname="tests.workflows.test_insert_analysis.TestAnalysisParser" name="test_extract_markdown_block_returns_text_if_no_markers" time="0.002" /><testcase classname="tests.workflows.test_insert_analysis.TestAnalysisParser" name="test_detect_session_type_executed" time="0.001" /><testcase classname="tests.workflows.test_insert_analysis.TestAnalysisParser" name="test_detect_session_type_rest" time="0.003" /><testcase classname="tests.workflows.test_insert_analysis.TestAnalysisParser" name="test_detect_session_type_cancelled" time="0.001" /><testcase classname="tests.workflows.test_insert_analysis.TestAnalysisParser" name="test_detect_session_type_rest_with_alternate_markers" time="0.001" /><testcase classname="tests.workflows.test_insert_analysis.TestAnalysisParser" name="test_detect_session_type_unknown_format" time="0.025" /><testcase classname="tests.workflows.test_insert_analysis.TestWorkoutHistoryManager" name="test_init_with_default_config" time="0.001"><skipped type="pytest.skip" message="Mocking get_data_config inside __init__ is complex">/Users/stephanejouve/cyclisme-training-logs/tests/workflows/test_insert_analysis.py:194: Mocking get_data_config inside __init__ is complex</skipped></testcase><testcase classname="tests.workflows.test_insert_analysis.TestWorkoutHistoryManager" name="test_init_with_explicit_logs_dir" time="0.007" /><testcase classname="tests.workflows.test_insert_analysis.TestWorkoutHistoryManager" name="test_insert_analysis_from_text" time="0.018" /><testcase classname="tests.workflows.test_insert_analysis.TestWorkoutHistoryManager" name="test_read_history_returns_content" time="0.015" /><testcase classname="tests.workflows.test_insert_analysis.TestWorkoutHistoryManager" name="test_read_history_returns_none_if_missing" time="0.007" /><testcase classname="tests.workflows.test_insert_analysis.TestWorkoutHistoryManager" name="test_check_duplicate_detects_existing_entry" time="0.007" /><testcase classname="tests.workflows.test_insert_analysis.TestWorkoutHistoryManager" name="test_check_duplicate_returns_false_for_new_entry" time="0.010" /><testcase classname="tests.workflows.test_insert_analysis.TestCLIIntegration" name="test_main_with_dry_run_flag" time="0.030" /><testcase classname="tests.workflows.test_insert_analysis.TestCLIIntegration" name="test_main_with_file_argument" time="0.019" /><testcase classname="tests.workflows.test_insert_analysis.TestEdgeCases" name="test_parser_handles_malformed_markdown" time="0.004" /><testcase classname="tests.workflows.test_insert_analysis.TestEdgeCases" name="test_parser_handles_empty_text" time="0.001" /><testcase classname="tests.workflows.test_insert_analysis.TestEdgeCases" name="test_detect_session_type_handles_mixed_markers" time="0.001" /><testcase classname="tests.workflows.test_insert_analysis.TestEdgeCases" name="test_clipboard_reader_handles_unicode" time="0.002" /><testcase classname="tests.workflows.test_proactive_compensation" name="test_evaluate_weekly_deficit_below_threshold" time="0.011" /><testcase classname="tests.workflows.test_proactive_compensation" name="test_evaluate_weekly_deficit_above_threshold" time="0.008" /><testcase classname="tests.workflows.test_proactive_compensation" name="test_evaluate_weekly_deficit_calculates_correctly" time="0.004" /><testcase classname="tests.workflows.test_proactive_compensation" name="test_evaluate_weekly_deficit_with_zero_completed" time="0.008" /><testcase classname="tests.workflows.test_proactive_compensation" name="test_evaluate_weekly_deficit_with_surplus" time="0.012" /><testcase classname="tests.workflows.test_proactive_compensation" name="test_collect_compensation_context_complete" time="0.005" /><testcase classname="tests.workflows.test_proactive_compensation" name="test_identify_cancelled_sessions_two_missed" time="0.002" /><testcase classname="tests.workflows.test_proactive_compensation" name="test_parse_cancelled_notes_single_note" time="0.003" /><testcase classname="tests.workflows.test_proactive_compensation" name="test_parse_cancelled_notes_multiple_notes" time="0.003" /><testcase classname="tests.workflows.test_proactive_compensation" name="test_parse_cancelled_notes_no_notes" time="0.004" /><testcase classname="tests.workflows.test_proactive_compensation" name="test_parse_event_planned_tss_from_workout" time="0.003" /><testcase classname="tests.workflows.test_proactive_compensation" name="test_parse_event_planned_tss_from_note" time="0.014" /><testcase classname="tests.workflows.test_proactive_compensation" name="test_parse_event_planned_tss_no_match" time="0.002" /><testcase classname="tests.workflows.test_proactive_compensation" name="test_identify_available_rest_days_sunday_free" time="0.002" /><testcase classname="tests.workflows.test_proactive_compensation" name="test_get_weather_forecast_returns_dict" time="0.001" /><testcase classname="tests.workflows.test_proactive_compensation" name="test_generate_compensation_prompt_includes_deficit" time="0.004" /><testcase classname="tests.workflows.test_proactive_compensation" name="test_parse_ai_response_valid_json" time="0.002" /><testcase classname="tests.workflows.test_proactive_compensation" name="test_parse_ai_response_with_markdown" time="0.002" /><testcase classname="tests.workflows.test_proactive_compensation" name="test_strategy_intensify_conditions" time="0.003" /><testcase classname="tests.workflows.test_proactive_compensation" name="test_strategy_add_short_applicable" time="0.002" /><testcase classname="tests.workflows.test_proactive_compensation" name="test_strategy_convert_outdoor_weather_suitable" time="0.003" /><testcase classname="tests.workflows.test_proactive_compensation" name="test_strategy_use_rest_day_tsb_positive" time="0.002" /><testcase classname="tests.workflows.test_proactive_compensation" name="test_strategy_partial_report_late_week" time="0.002" /><testcase classname="tests.workflows.test_proactive_compensation" name="test_strategy_accept_deficit_fatigue" time="0.004" /><testcase classname="tests.workflows.test_proactive_compensation" name="test_format_compensation_section_includes_all_data" time="0.004" /><testcase classname="tests.workflows.test_proactive_compensation" name="test_compensation_action_to_dict" time="0.001" /><testcase classname="tests.workflows.test_proactive_compensation" name="test_get_strategy_matrix_structure" time="0.004" /><testcase classname="tests.workflows.test_update_session_status.TestUpdateSessionStatusLocal" name="test_update_session_to_completed" time="0.031" /><testcase classname="tests.workflows.test_update_session_status.TestUpdateSessionStatusLocal" name="test_update_session_to_cancelled_with_reason" time="0.042" /><testcase classname="tests.workflows.test_update_session_status.TestUpdateSessionStatusLocal" name="test_update_session_to_skipped" time="0.026" /><testcase classname="tests.workflows.test_update_session_status.TestUpdateSessionStatusLocal" name="test_update_nonexistent_session_fails" time="0.028" /><testcase classname="tests.workflows.test_update_session_status.TestUpdateSessionStatusLocal" name="test_last_updated_is_modified" time="0.125" /><testcase classname="tests.workflows.test_update_session_status.TestFindEventBySession" name="test_find_event_by_session_id_in_name" time="0.003" /><testcase classname="tests.workflows.test_update_session_status.TestFindEventBySession" name="test_find_event_no_match" time="0.004" /><testcase classname="tests.workflows.test_update_session_status.TestFindEventBySession" name="test_find_event_exception_returns_none" time="0.003" /><testcase classname="tests.workflows.test_update_session_status.TestSyncWithIntervals" name="test_sync_cancelled_event_converts_to_note" time="0.007" /><testcase classname="tests.workflows.test_update_session_status.TestSyncWithIntervals" name="test_sync_skipped_event" time="0.006" /><testcase classname="tests.workflows.test_update_session_status.TestSyncWithIntervals" name="test_sync_already_marked_event_returns_true" time="0.004" /><testcase classname="tests.workflows.test_update_session_status.TestSyncWithIntervals" name="test_sync_no_event_found_returns_true" time="0.005" /><testcase classname="tests.workflows.test_update_session_status.TestStatusConstants" name="test_statuses_to_delete_contains_expected" time="0.001" /><testcase classname="tests.workflows.test_update_session_status.TestErrorHandling" name="test_sync_update_event_fails" time="0.005" /><testcase classname="tests.workflows.test_update_session_status.TestErrorHandling" name="test_sync_update_event_exception" time="0.004" /><testcase classname="tests.workflows.test_upload_workouts_bugs.TestValidationTiretsManquants" name="test_detect_missing_dashes_in_warmup" time="0.010" /><testcase classname="tests.workflows.test_upload_workouts_bugs.TestValidationTiretsManquants" name="test_detect_missing_dashes_in_main_set" time="0.004" /><testcase classname="tests.workflows.test_upload_workouts_bugs.TestValidationTiretsManquants" name="test_detect_missing_dashes_in_cooldown" time="0.006" /><testcase classname="tests.workflows.test_upload_workouts_bugs.TestValidationTiretsManquants" name="test_accept_correct_format_with_dashes" time="0.004" /><testcase classname="tests.workflows.test_upload_workouts_bugs.TestReposDaysUpload" name="test_repos_creates_event_not_skipped" time="0.011" /><testcase classname="tests.workflows.test_upload_workouts_bugs.TestReposDaysUpload" name="test_repos_dry_run" time="0.004" /><testcase classname="tests.workflows.test_upload_workouts_bugs.TestReposDaysUpload" name="test_validation_allows_repos_without_warmup_cooldown" time="0.002" /><testcase classname="tests.workflows.test_upload_workouts_bugs.TestIntegrationS076" name="test_s076_planning_validation_would_block" time="0.003" /><testcase classname="tests.workflows.test_upload_workouts_bugs.TestIntegrationS076" name="test_s076_complete_week_with_repos" time="0.009" /><testcase classname="tests.workflows.test_upload_workouts_full.TestCalculateWeekStartDate" name="test_calculate_week_start_date_s075" time="0.004" /><testcase classname="tests.workflows.test_upload_workouts_full.TestCalculateWeekStartDate" name="test_calculate_week_start_date_s001_reference" time="0.010" /><testcase classname="tests.workflows.test_upload_workouts_full.TestCalculateWeekStartDate" name="test_calculate_week_start_date_validates_monday" time="0.007" /><testcase classname="tests.workflows.test_upload_workouts_full.TestWorkoutUploaderInit" name="test_init_with_config_file" time="0.010" /><testcase classname="tests.workflows.test_upload_workouts_full.TestWorkoutUploaderInit" name="test_init_with_env_vars" time="0.010" /><testcase classname="tests.workflows.test_upload_workouts_full.TestWorkoutUploaderInit" name="test_init_without_credentials_exits" time="0.016" /><testcase classname="tests.workflows.test_upload_workouts_full.TestValidateWorkoutNotation" name="test_validate_workout_notation_valid" time="0.019" /><testcase classname="tests.workflows.test_upload_workouts_full.TestValidateWorkoutNotation" name="test_validate_bad_repetition_notation" time="0.014" /><testcase classname="tests.workflows.test_upload_workouts_full.TestValidateWorkoutNotation" name="test_validate_rest_day_skips_warmup_cooldown" time="0.019" /><testcase classname="tests.workflows.test_upload_workouts_full.TestParseWorkoutsFile" name="test_parse_workouts_file_single_workout" time="0.020" /><testcase classname="tests.workflows.test_upload_workouts_full.TestParseWorkoutsFile" name="test_parse_workouts_file_multiple_workouts" time="0.026" /><testcase classname="tests.workflows.test_upload_workouts_full.TestParseWorkoutsFile" name="test_parse_workouts_file_extracts_tss" time="0.024" /><testcase classname="tests.workflows.test_upload_workouts_full.TestUploadWorkout" name="test_upload_workout_success" time="0.013" /><testcase classname="tests.workflows.test_upload_workouts_full.TestUploadWorkout" name="test_upload_workout_api_failure" time="0.012" /><testcase classname="tests.workflows.test_upload_workouts_full.TestUploadAll" name="test_upload_all_dry_run" time="0.012" /><testcase classname="tests.workflows.test_upload_workouts_full.TestUploadAll" name="test_upload_all_success" time="0.009" /><testcase classname="tests.workflows.test_upload_workouts_full.TestUploadAll" name="test_upload_all_partial_failure" time="0.011" /><testcase classname="tests.workflows.test_upload_workouts_full.TestIntegrationUploadWorkflow" name="test_full_workflow_parse_validate_upload" time="0.016" /><testcase classname="tests.workflows.test_upload_workouts_validator.TestRestDayValidatorPattern" name="test_validator_repos_standard_format" time="0.003" /><testcase classname="tests.workflows.test_upload_workouts_validator.TestRestDayValidatorPattern" name="test_validator_repos_with_suffix" time="0.004" /><testcase classname="tests.workflows.test_upload_workouts_validator.TestRestDayValidatorPattern" name="test_validator_repos_uppercase" time="0.004" /><testcase classname="tests.workflows.test_upload_workouts_validator.TestRestDayValidatorPattern" name="test_validator_repos_lowercase" time="0.002" /><testcase classname="tests.workflows.test_upload_workouts_validator.TestRestDayValidatorPattern" name="test_validator_repos_mixed_case" time="0.002" /><testcase classname="tests.workflows.test_upload_workouts_validator.TestRestDayValidatorPattern" name="test_validator_repos_with_space_after" time="0.002" /><testcase classname="tests.workflows.test_upload_workouts_validator.TestRestDayValidatorPattern" name="test_validator_repos_at_end_of_string" time="0.002" /><testcase classname="tests.workflows.test_upload_workouts_validator.TestRestDayValidatorPattern" name="test_validator_normal_workout_not_repos" time="0.001" /><testcase classname="tests.workflows.test_upload_workouts_validator.TestRestDayValidatorPattern" name="test_validator_normal_workout_complete" time="0.002" /><testcase classname="tests.workflows.test_upload_workouts_validator.TestRestDayValidatorPattern" name="test_validator_repos_with_hyphen_in_description" time="0.002" /><testcase classname="tests.workflows.test_upload_workouts_validator.TestRestDayValidatorPattern" name="test_validator_repos_french_variants" time="0.002" /><testcase classname="tests.workflows.test_upload_workouts_validator.TestRestDayValidatorPattern" name="test_validator_edge_case_empty_workout_id" time="0.001" /><testcase classname="tests.workflows.test_upload_workouts_validator.TestRestDayValidatorPattern" name="test_validator_edge_case_only_repos" time="0.001" /><testcase classname="tests.workflows.test_upload_workouts_validator.TestRestDayValidatorPattern" name="test_validator_repos_multiple_hyphens" time="0.002" /><testcase classname="tests.workflows.test_workflow_coach.TestParsingAndFormatting" name="test_parse_ai_modifications_valid_json_markdown" time="0.038" /><testcase classname="tests.workflows.test_workflow_coach.TestParsingAndFormatting" name="test_parse_ai_modifications_valid_json_plain" time="0.061" /><testcase classname="tests.workflows.test_workflow_coach.TestParsingAndFormatting" name="test_parse_ai_modifications_empty_response" time="0.131" /><testcase classname="tests.workflows.test_workflow_coach.TestParsingAndFormatting" name="test_parse_ai_modifications_no_json" time="0.086" /><testcase classname="tests.workflows.test_workflow_coach.TestParsingAndFormatting" name="test_parse_ai_modifications_invalid_json" time="0.051" /><testcase classname="tests.workflows.test_workflow_coach.TestParsingAndFormatting" name="test_format_remaining_sessions_compact_empty" time="0.044" /><testcase classname="tests.workflows.test_workflow_coach.TestParsingAndFormatting" name="test_format_remaining_sessions_compact_multiple" time="0.122" /><testcase classname="tests.workflows.test_workflow_coach.TestParsingAndFormatting" name="test_extract_day_number_success" time="0.058" /><testcase classname="tests.workflows.test_workflow_coach.TestInitialization" name="test_init_default_params" time="0.052" /><testcase classname="tests.workflows.test_workflow_coach.TestInitialization" name="test_init_skip_flags" time="0.041" /><testcase classname="tests.workflows.test_workflow_coach.TestInitialization" name="test_init_servo_mode" time="0.035" /><testcase classname="tests.workflows.test_workflow_coach.TestInitialization" name="test_load_credentials_from_env" time="0.046" /><testcase classname="tests.workflows.test_workflow_coach.TestInitialization" name="test_load_credentials_missing" time="0.028" /><testcase classname="tests.workflows.test_workflow_coach.TestPlanningModifications" name="test_update_planning_json_success" time="0.048" /><testcase classname="tests.workflows.test_workflow_coach.TestPlanningModifications" name="test_update_planning_json_file_not_found" time="0.034" /><testcase classname="tests.workflows.test_workflow_coach.TestPlanningModifications" name="test_apply_planning_modifications_empty" time="0.035" /><testcase classname="tests.workflows.test_workflow_coach.TestPlanningModifications" name="test_apply_planning_modifications_unknown_action" time="0.028" /><testcase classname="tests.workflows.test_workflow_coach.TestPlanningModifications" name="test_compute_gaps_signature_simple" time="0.027" /><testcase classname="tests.workflows.test_workflow_coach.TestPlanningModifications" name="test_compute_gaps_signature_all_types" time="0.035" /><testcase classname="tests.workflows.test_workflow_coach.TestGapDetectionLogic" name="test_detect_unanalyzed_activities_no_config" time="0.036" /><testcase classname="tests.workflows.test_workflow_coach.TestGapDetectionLogic" name="test_detect_unanalyzed_activities_success" time="0.056" /><testcase classname="tests.workflows.test_workflow_coach.TestGapDetectionLogic" name="test_detect_unanalyzed_activities_api_error" time="0.069" /><testcase classname="tests.workflows.test_workflow_coach.TestGapDetectionLogic" name="test_filter_documented_sessions_empty" time="0.052" /><testcase classname="tests.workflows.test_workflow_coach.TestGapDetectionLogic" name="test_filter_documented_sessions_skipped" time="0.035" /><testcase classname="tests.workflows.test_workflow_coach.TestGapDetectionLogic" name="test_filter_documented_sessions_rest" time="0.034" /><testcase classname="tests.workflows.test_workflow_coach.TestGapDetectionLogic" name="test_filter_documented_sessions_all_documented" time="0.033" /><testcase classname="tests.workflows.test_workflow_coach.TestFeedbackCollection" name="test_validate_feedback_collection_skip_flag" time="0.034" /><testcase classname="tests.workflows.test_workflow_coach.TestFeedbackCollection" name="test_validate_feedback_collection_no_gaps" time="0.034" /><testcase classname="tests.workflows.test_workflow_coach.TestFeedbackCollection" name="test_validate_feedback_collection_should_collect" time="0.033" /><testcase classname="tests.workflows.test_workflow_coach.TestFeedbackCollection" name="test_prepare_feedback_context_success" time="0.085" /><testcase classname="tests.workflows.test_workflow_coach.TestFeedbackCollection" name="test_prepare_feedback_context_no_credentials" time="0.029" /><testcase classname="tests.workflows.test_workflow_coach.TestFeedbackCollection" name="test_execute_feedback_collection_with_activity" time="0.026" /><testcase classname="tests.workflows.test_workflow_coach.TestFeedbackCollection" name="test_execute_feedback_collection_quick_mode" time="0.031" /><testcase classname="tests.workflows.test_workflow_coach.TestFeedbackCollection" name="test_collect_rest_feedback_valid" time="0.039" /><testcase classname="tests.workflows.test_workflow_coach.TestMarkdownGeneration" name="test_preview_markdowns_single" time="0.043" /><testcase classname="tests.workflows.test_workflow_coach.TestMarkdownGeneration" name="test_copy_to_clipboard_success" time="0.040" /><testcase classname="tests.workflows.test_workflow_coach.TestMarkdownGeneration" name="test_copy_to_clipboard_failure" time="0.054" /><testcase classname="tests.workflows.test_workflow_coach.TestMarkdownGeneration" name="test_detect_session_type_from_markdown_normal" time="0.037" /><testcase classname="tests.workflows.test_workflow_coach.TestMarkdownGeneration" name="test_detect_session_type_from_markdown_rest" time="0.047" /><testcase classname="tests.workflows.test_workflow_coach.TestMarkdownGeneration" name="test_detect_session_type_from_markdown_cancelled" time="0.045" /><testcase classname="tests.workflows.test_workflow_coach.TestUIHelpers" name="test_clear_screen" time="0.038" /><testcase classname="tests.workflows.test_workflow_coach.TestUIHelpers" name="test_print_header" time="0.037" /><testcase classname="tests.workflows.test_workflow_coach.TestUIHelpers" name="test_print_separator" time="0.037" /><testcase classname="tests.workflows.test_workflow_coach.TestUIHelpers" name="test_wait_user" time="0.034" /><testcase classname="tests.workflows.test_workflow_coach.TestAnalysisPreparation" name="test_step_3_prepare_analysis_clipboard_mode" time="0.064" /><testcase classname="tests.workflows.test_workflow_coach.TestAnalysisPreparation" name="test_step_3_prepare_analysis_with_activity_id" time="0.040" /><testcase classname="tests.workflows.test_workflow_coach.TestAnalysisPreparation" name="test_step_3_prepare_analysis_error_handling" time="0.036" /><testcase classname="tests.workflows.test_workflow_coach.TestAnalysisPreparation" name="test_detect_week_id_user_input" time="0.023" /><testcase classname="tests.workflows.test_workflow_coach.TestAnalysisPreparation" name="test_detect_week_id_already_set" time="0.025" /><testcase classname="tests.workflows.test_workflow_coach.TestAnalysisPreparation" name="test_detect_week_id_adds_prefix" time="0.024" /><testcase classname="tests.workflows.test_workflow_coach.TestAnalysisPreparation" name="test_check_planning_available_exists" time="0.027" /><testcase classname="tests.workflows.test_workflow_coach.TestAnalysisPreparation" name="test_check_planning_available_missing" time="0.027" /><testcase classname="tests.workflows.test_workflow_coach.TestAnalysisPreparation" name="test_ask_fallback_consent_validates_input" time="0.032" /><testcase classname="tests.workflows.test_workflow_coach.TestAnalysisPreparation" name="test_ask_fallback_consent_clipboard_choice" time="0.089" /><testcase classname="tests.workflows.test_workflow_coach.TestAnalysisPreparation" name="test_ask_fallback_consent_quit_choice" time="0.024" /><testcase classname="tests.workflows.test_workflow_coach.TestSpecialSessions" name="test_show_special_sessions_with_rest_days" time="0.075" /><testcase classname="tests.workflows.test_workflow_coach.TestSpecialSessions" name="test_show_special_sessions_with_cancelled" time="0.039" /><testcase classname="tests.workflows.test_workflow_coach.TestSpecialSessions" name="test_show_special_sessions_empty" time="0.066" /><testcase classname="tests.workflows.test_workflow_coach.TestSpecialSessions" name="test_show_special_sessions_no_reconciliation" time="0.057" /><testcase classname="tests.workflows.test_workflow_coach.TestSpecialSessions" name="test_handle_rest_cancellations_no_reconciliation" time="0.065" /><testcase classname="tests.workflows.test_workflow_coach.TestSpecialSessions" name="test_handle_rest_cancellations_returns_exit" time="0.041" /><testcase classname="tests.workflows.test_workflow_coach.TestSpecialSessions" name="test_handle_rest_cancellations_returns_continue" time="0.037" /><testcase classname="tests.workflows.test_workflow_coach.TestSpecialSessions" name="test_handle_skipped_sessions_empty" time="0.293" /><testcase classname="tests.workflows.test_workflow_coach.TestSpecialSessions" name="test_handle_skipped_sessions_single" time="0.038" /><testcase classname="tests.workflows.test_workflow_coach.TestSpecialSessions" name="test_handle_skipped_sessions_multiple" time="0.043" /><testcase classname="tests.workflows.test_workflow_coach.TestSpecialSessions" name="test_handle_skipped_sessions_default_reason" time="0.036" /><testcase classname="tests.workflows.test_workflow_coach.TestSpecialSessions" name="test_handle_batch_all_in_development" time="0.036" /><testcase classname="tests.workflows.test_workflow_coach.TestIntervalsAPI" name="test_get_workout_id_intervals_success" time="0.035" /><testcase classname="tests.workflows.test_workflow_coach.TestIntervalsAPI" name="test_get_workout_id_intervals_not_found" time="0.074" /><testcase classname="tests.workflows.test_workflow_coach.TestIntervalsAPI" name="test_get_workout_id_intervals_no_credentials" time="0.037" /><testcase classname="tests.workflows.test_workflow_coach.TestIntervalsAPI" name="test_delete_workout_intervals_success" time="0.041" /><testcase classname="tests.workflows.test_workflow_coach.TestIntervalsAPI" name="test_delete_workout_intervals_error" time="0.042" /><testcase classname="tests.workflows.test_workflow_coach.TestIntervalsAPI" name="test_upload_workout_intervals_success" time="0.033" /><testcase classname="tests.workflows.test_workflow_coach.TestIntervalsAPI" name="test_upload_workout_intervals_invalid_format" time="0.037" /><testcase classname="tests.workflows.test_workflow_coach.TestIntervalsAPI" name="test_post_analysis_to_intervals_success" time="0.037" /><testcase classname="tests.workflows.test_workflow_coach.TestIntervalsAPI" name="test_post_analysis_to_intervals_no_activity_id" time="0.038" /><testcase classname="tests.workflows.test_workflow_coach.TestIntervalsAPI" name="test_post_analysis_to_intervals_error" time="0.053" /><testcase classname="tests.workflows.test_workflow_coach.TestCredentialsLoadingAdvanced" name="test_load_credentials_from_config_file" time="0.047" /><testcase classname="tests.workflows.test_workflow_coach.TestCredentialsLoadingAdvanced" name="test_load_credentials_config_file_missing_keys" time="0.042" /><testcase classname="tests.workflows.test_workflow_coach.TestCredentialsLoadingAdvanced" name="test_load_credentials_config_file_read_error" time="0.031" /><testcase classname="tests.workflows.test_workflow_coach.TestWorkoutTemplatesLoading" name="test_load_workout_templates_directory_not_exists" time="0.037" /><testcase classname="tests.workflows.test_workflow_coach.TestWorkoutTemplatesLoading" name="test_load_workout_templates_success" time="0.065" /><testcase classname="tests.workflows.test_workflow_coach.TestWorkoutTemplatesLoading" name="test_load_workout_templates_json_error" time="0.044" /><testcase classname="tests.workflows.test_workflow_coach.TestRemainingSessionsLoading" name="test_load_remaining_sessions_file_not_found" time="0.046" /><testcase classname="tests.workflows.test_workflow_coach.TestRemainingSessionsLoading" name="test_load_remaining_sessions_success" time="0.041" /><testcase classname="tests.workflows.test_workflow_coach.TestRemainingSessionsLoading" name="test_load_remaining_sessions_read_error" time="0.034" /><testcase classname="tests.workflows.test_workflow_coach_ai.TestAIProviderInitialization" name="test_init_with_specified_provider" time="0.006" /><testcase classname="tests.workflows.test_workflow_coach_ai.TestAIProviderInitialization" name="test_init_auto_selects_first_available" time="0.004" /><testcase classname="tests.workflows.test_workflow_coach_ai.TestAIProviderInitialization" name="test_init_fallback_to_clipboard_when_not_configured" time="0.005" /><testcase classname="tests.workflows.test_workflow_coach_ai.TestAIAnalysisExecution" name="test_step_3_api_provider_success" time="0.044" /><testcase classname="tests.workflows.test_workflow_coach_ai.TestAIAnalysisExecution" name="test_step_3_api_provider_handles_error" time="0.046" /><testcase classname="tests.workflows.test_workflow_coach_ai.TestAIAnalysisExecution" name="test_step_3_clipboard_provider_workflow" time="0.050" /><testcase classname="tests.workflows.test_workflow_coach_ai.TestAIResponseDisplay" name="test_step_4b_display_from_api_result" time="0.093" /><testcase classname="tests.workflows.test_workflow_coach_ai.TestAIResponseDisplay" name="test_step_4b_display_from_clipboard" time="0.046" /><testcase classname="tests.workflows.test_workflow_coach_ai.TestProviderFallback" name="test_fallback_to_next_provider" time="0.064" /><testcase classname="tests.workflows.test_workflow_coach_ai.TestProviderFallback" name="test_fallback_to_clipboard_manual" time="0.051" /><testcase classname="tests.workflows.test_workflow_coach_ai.TestProviderFallback" name="test_no_fallback_available_exits" time="0.056" /><testcase classname="tests.workflows.test_workflow_coach_ai.TestAnalysisValidation" name="test_step_5_validate_user_accepts" time="0.059" /><testcase classname="tests.workflows.test_workflow_coach_ai.TestAnalysisValidation" name="test_step_5_validate_user_rejects" time="0.053" /><testcase classname="tests.workflows.test_workflow_coach_ai.TestAnalysisValidation" name="test_step_5_validate_auto_mode" time="0.048" /><testcase classname="tests.workflows.test_workflow_coach_ai.TestPastePromptStep" name="test_step_4_displays_instructions" time="0.039" /><testcase classname="tests.workflows.test_workflow_coach_ai.TestPastePromptStep" name="test_step_4_displays_provider_name" time="0.070" /><testcase classname="tests.workflows.test_workflow_coach_steps.TestWelcomeStep" name="test_step_1_welcome_displays_header" time="0.049" /><testcase classname="tests.workflows.test_workflow_coach_steps.TestGitCommitStep" name="test_step_7_git_commit_success" time="0.060" /><testcase classname="tests.workflows.test_workflow_coach_steps.TestGitCommitStep" name="test_step_7_skips_when_flag_set" time="0.046" /><testcase classname="tests.workflows.test_workflow_coach_steps.TestAnalysisInsertion" name="test_step_6_insert_analysis_success" time="0.059" /><testcase classname="tests.workflows.test_workflow_coach_steps.TestAnalysisInsertion" name="test_step_6_insert_analysis_handles_error" time="0.038" /><testcase classname="tests.workflows.test_workflow_coach_steps.TestMarkdownHelpers" name="test_generate_skipped_markdown_creates_entry" time="0.031" /><testcase classname="tests.workflows.test_workflow_coach_steps.TestMarkdownHelpers" name="test_insert_to_history_writes_markdown" time="0.033" /><testcase classname="tests.workflows.test_workflow_coach_steps.TestMarkdownHelpers" name="test_preview_markdowns_displays_content" time="0.034" /><testcase classname="tests.workflows.test_workflow_coach_steps.TestDisplayMethods" name="test_display_gaps_summary_with_activities" time="0.089" /><testcase classname="tests.workflows.test_workflow_coach_steps.TestDisplayMethods" name="test_display_reconciliation_report_shows_info" time="0.036" /><testcase classname="tests.workflows.test_workflow_coach_steps.TestExportMethods" name="test_export_markdowns_creates_files" time="0.039" /><testcase classname="tests.workflows.test_workflow_coach_steps.TestExportMethods" name="test_copy_to_clipboard_success" time="0.026" /><testcase classname="tests.workflows.test_workflow_coach_steps.TestSessionTypeDetection" name="test_detect_session_type_normal_workout" time="0.033" /><testcase classname="tests.workflows.test_workflow_coach_steps.TestSessionTypeDetection" name="test_detect_session_type_rest_day" time="0.035" /><testcase classname="tests.workflows.test_workflow_coach_steps.TestSessionTypeDetection" name="test_detect_session_type_cancelled" time="0.037" /></testsuite></testsuites>
